<html>
<body>
<pre>
<h1>µVision Build Log</h1>
<h2>Project:</h2>
D:\·É¿Ø\OLDX_FC2.0\Back_FC_MINI6_REMOTE\Project\RVMDK£¨uv4£©\iSO-STM32.uvproj
Project File Date:  04/03/2018

<h2>Output:</h2>
Build target 'USART'
compiling main.c...
linking...
Program Size: Code=78002 RO-data=3926 RW-data=3968 ZI-data=7160  
FromELF: creating hex file...
"..\..\Output\Template.axf" - 0 Error(s), 0 Warning(s).
Load "..\\..\\Output\\Template.AXF" 
Erase Done.
Programming Done.
Verify OK.
Build target 'USART'
compiling main.c...
linking...
Program Size: Code=78050 RO-data=3926 RW-data=3968 ZI-data=7160  
FromELF: creating hex file...
"..\..\Output\Template.axf" - 0 Error(s), 0 Warning(s).
Build target 'USART'
compiling main.c...
compiling FLASH.c...
..\..\User\FLASH.c(164): error:  #20: identifier "CHANNAL" is undefined
Target not created
Build target 'USART'
compiling main.c...
compiling FLASH.c...
..\..\User\FLASH.c(164): error:  #20: identifier "CHANNAL" is undefined
Target not created
Build target 'USART'
compiling main.c...
compiling FLASH.c...
..\..\User\FLASH.c(164): error:  #167: argument of type "u8 *" is incompatible with parameter of type "float *"
Target not created
Build target 'USART'
compiling FLASH.c...
..\..\User\FLASH.c(164): error:  #158: expression must be an lvalue or a function designator
Target not created
Build target 'USART'
compiling FLASH.c...
linking...
Program Size: Code=78162 RO-data=3926 RW-data=3968 ZI-data=7160  
FromELF: creating hex file...
"..\..\Output\Template.axf" - 0 Error(s), 0 Warning(s).
Load "..\\..\\Output\\Template.AXF" 
Erase Done.
Programming Done.
Verify OK.
Build target 'USART'
compiling FLASH.c...
linking...
Program Size: Code=78166 RO-data=3930 RW-data=3968 ZI-data=7160  
FromELF: creating hex file...
"..\..\Output\Template.axf" - 0 Error(s), 0 Warning(s).
Load "..\\..\\Output\\Template.AXF" 
Erase Done.
Programming Done.
Verify OK.
Build target 'USART'
compiling main.c...
compiling data_transfer.c...
compiling rc_mine.c...
compiling beep.c...
compiling timer.c...
linking...
Program Size: Code=78166 RO-data=3930 RW-data=3968 ZI-data=7208  
FromELF: creating hex file...
"..\..\Output\Template.axf" - 0 Error(s), 0 Warning(s).
Load "..\\..\\Output\\Template.AXF" 
Erase Done.
Programming Done.
Verify OK.
Build target 'USART'
compiling main.c...
compiling FLASH.c...
..\..\User\FLASH.c(168): error:  #20: identifier "plane" is undefined
..\..\User\FLASH.c(181): error:  #20: identifier "plane" is undefined
..\..\User\FLASH.c(181): error:  #20: identifier "sel" is undefined
Target not created
Build target 'USART'
compiling FLASH.c...
..\..\User\FLASH.c(182): error:  #20: identifier "sel" is undefined
Target not created
Build target 'USART'
compiling FLASH.c...
linking...
Program Size: Code=78194 RO-data=3926 RW-data=3968 ZI-data=7208  
FromELF: creating hex file...
"..\..\Output\Template.axf" - 0 Error(s), 0 Warning(s).
Build target 'USART'
compiling main.c...
linking...
Program Size: Code=78194 RO-data=3926 RW-data=3968 ZI-data=7208  
FromELF: creating hex file...
"..\..\Output\Template.axf" - 0 Error(s), 0 Warning(s).
Build target 'USART'
compiling main.c...
linking...
Program Size: Code=78166 RO-data=3930 RW-data=3968 ZI-data=7208  
FromELF: creating hex file...
"..\..\Output\Template.axf" - 0 Error(s), 0 Warning(s).
Load "..\\..\\Output\\Template.AXF" 
Erase Done.
Programming Done.
Verify OK.
Build target 'USART'
linking...
Program Size: Code=78166 RO-data=3930 RW-data=3968 ZI-data=7208  
FromELF: creating hex file...
"..\..\Output\Template.axf" - 0 Error(s), 0 Warning(s).
Build target 'USART'
compiling main.c...
linking...
Program Size: Code=78166 RO-data=3930 RW-data=3968 ZI-data=7208  
FromELF: creating hex file...
"..\..\Output\Template.axf" - 0 Error(s), 0 Warning(s).
Build target 'USART'
compiling main.c...
linking...
Program Size: Code=78234 RO-data=3926 RW-data=3968 ZI-data=7208  
FromELF: creating hex file...
"..\..\Output\Template.axf" - 0 Error(s), 0 Warning(s).
Load "..\\..\\Output\\Template.AXF" 
Erase Done.
Programming Done.
Verify OK.
Build target 'USART'
compiling main.c...
linking...
Program Size: Code=78234 RO-data=3926 RW-data=3968 ZI-data=7208  
FromELF: creating hex file...
"..\..\Output\Template.axf" - 0 Error(s), 0 Warning(s).
Load "..\\..\\Output\\Template.AXF" 
Erase Done.
Programming Done.
Verify OK.
Build target 'USART'
compiling main.c...
linking...
Program Size: Code=78234 RO-data=3926 RW-data=3968 ZI-data=7208  
FromELF: creating hex file...
"..\..\Output\Template.axf" - 0 Error(s), 0 Warning(s).
Load "..\\..\\Output\\Template.AXF" 
Erase Done.
Programming Done.
Verify OK.
Build target 'USART'
compiling main.c...
linking...
Program Size: Code=78234 RO-data=3926 RW-data=3968 ZI-data=7208  
FromELF: creating hex file...
"..\..\Output\Template.axf" - 0 Error(s), 0 Warning(s).
Load "..\\..\\Output\\Template.AXF" 
Erase Done.
Programming Done.
Verify OK.
