<html>
<body>
<pre>
<h1>µVision Build Log</h1>
<h2>Project:</h2>
D:\·É¿Ø\OLDX_FC2.0\Back_FC_MINI6_REMOTE\Project\RVMDK£¨uv4£©\iSO-STM32.uvproj
Project File Date:  04/03/2018

<h2>Output:</h2>
Build target 'USART'
compiling main.c...
compiling data_transfer.c...
compiling rc_mine.c...
compiling beep.c...
compiling timer.c...
linking...
Program Size: Code=73046 RO-data=3638 RW-data=3968 ZI-data=7152  
FromELF: creating hex file...
"..\..\Output\Template.axf" - 0 Error(s), 0 Warning(s).
Load "..\\..\\Output\\Template.AXF" 
Erase Done.
Programming Done.
Verify OK.
Build target 'USART'
compiling main.c...
compiling rc_mine.c...
linking...
Program Size: Code=73542 RO-data=3638 RW-data=3968 ZI-data=7152  
FromELF: creating hex file...
"..\..\Output\Template.axf" - 0 Error(s), 0 Warning(s).
Load "..\\..\\Output\\Template.AXF" 
Erase Done.
Programming Done.
Verify OK.
Build target 'USART'
compiling main.c...
linking...
Program Size: Code=73542 RO-data=3638 RW-data=3968 ZI-data=7152  
FromELF: creating hex file...
"..\..\Output\Template.axf" - 0 Error(s), 0 Warning(s).
Load "..\\..\\Output\\Template.AXF" 
Erase Done.
Programming Done.
Verify OK.
Build target 'USART'
compiling main.c...
compiling data_transfer.c...
compiling rc_mine.c...
compiling beep.c...
compiling timer.c...
linking...
Program Size: Code=73558 RO-data=3638 RW-data=3968 ZI-data=7152  
FromELF: creating hex file...
"..\..\Output\Template.axf" - 0 Error(s), 0 Warning(s).
Build target 'USART'
compiling main.c...
..\..\User\main.c(424): error:  #167: argument of type "char *" is incompatible with parameter of type "int"
..\..\User\main.c(427): error:  #136: struct "Mission" has no field "ways"
Target not created
Build target 'USART'
compiling main.c...
..\..\User\main.c(424): error:  #167: argument of type "int *" is incompatible with parameter of type "int"
..\..\User\main.c(427): error:  #136: struct "Mission" has no field "ways"
Target not created
Build target 'USART'
compiling main.c...
..\..\User\main.c(427): error:  #136: struct "Mission" has no field "ways"
Target not created
Build target 'USART'
compiling main.c...
linking...
Program Size: Code=73666 RO-data=3634 RW-data=3968 ZI-data=7152  
FromELF: creating hex file...
"..\..\Output\Template.axf" - 0 Error(s), 0 Warning(s).
Load "..\\..\\Output\\Template.AXF" 
Erase Done.
Programming Done.
Verify OK.
Build target 'USART'
compiling main.c...
linking...
Program Size: Code=73662 RO-data=3638 RW-data=3968 ZI-data=7152  
FromELF: creating hex file...
"..\..\Output\Template.axf" - 0 Error(s), 0 Warning(s).
Build target 'USART'
linking...
Program Size: Code=73662 RO-data=3638 RW-data=3968 ZI-data=7152  
FromELF: creating hex file...
"..\..\Output\Template.axf" - 0 Error(s), 0 Warning(s).
Load "..\\..\\Output\\Template.AXF" 
Erase Done.
Programming Done.
Verify OK.
Build target 'USART'
compiling main.c...
linking...
Program Size: Code=73750 RO-data=3638 RW-data=3968 ZI-data=7152  
FromELF: creating hex file...
"..\..\Output\Template.axf" - 0 Error(s), 0 Warning(s).
Load "..\\..\\Output\\Template.AXF" 
Erase Done.
Programming Done.
Verify OK.
Build target 'USART'
compiling main.c...
linking...
..\..\Output\Template.axf: Error: L6200E: Symbol mode multiply defined (by rc_mine.o and main.o).
Target not created
Load "..\\..\\Output\\Template.AXF" 
_____^
*** error 56: cannot open file
Build target 'USART'
compiling main.c...
linking...
Program Size: Code=73702 RO-data=3638 RW-data=3968 ZI-data=7152  
FromELF: creating hex file...
"..\..\Output\Template.axf" - 0 Error(s), 0 Warning(s).
Load "..\\..\\Output\\Template.AXF" 
Erase Done.
Programming Done.
Verify OK.
Build target 'USART'
compiling main.c...
linking...
Program Size: Code=73702 RO-data=3638 RW-data=3968 ZI-data=7152  
FromELF: creating hex file...
"..\..\Output\Template.axf" - 0 Error(s), 0 Warning(s).
Load "..\\..\\Output\\Template.AXF" 
Erase Done.
Programming Done.
Verify OK.
Build target 'USART'
compiling main.c...
linking...
Program Size: Code=73702 RO-data=3638 RW-data=3968 ZI-data=7152  
FromELF: creating hex file...
"..\..\Output\Template.axf" - 0 Error(s), 0 Warning(s).
Load "..\\..\\Output\\Template.AXF" 
Erase Done.
Programming Done.
Verify OK.
Build target 'USART'
compiling main.c...
linking...
Program Size: Code=73750 RO-data=3638 RW-data=3968 ZI-data=7152  
FromELF: creating hex file...
"..\..\Output\Template.axf" - 0 Error(s), 0 Warning(s).
Build target 'USART'
compiling main.c...
linking...
Program Size: Code=73750 RO-data=3638 RW-data=3968 ZI-data=7152  
FromELF: creating hex file...
"..\..\Output\Template.axf" - 0 Error(s), 0 Warning(s).
Build target 'USART'
compiling main.c...
linking...
Program Size: Code=73754 RO-data=3634 RW-data=3968 ZI-data=7152  
FromELF: creating hex file...
"..\..\Output\Template.axf" - 0 Error(s), 0 Warning(s).
Build target 'USART'
compiling main.c...
..\..\User\main.c(444): error:  #136: struct "_plane" has no field "t_pos"
..\..\User\main.c(444): error:  #154: expression must have struct or union type
Target not created
Build target 'USART'
compiling main.c...
..\..\User\main.c(444): error:  #154: expression must have struct or union type
Target not created
Build target 'USART'
compiling main.c...
linking...
Program Size: Code=73778 RO-data=3634 RW-data=3968 ZI-data=7152  
FromELF: creating hex file...
"..\..\Output\Template.axf" - 0 Error(s), 0 Warning(s).
Build target 'USART'
compiling main.c...
linking...
Program Size: Code=73810 RO-data=3634 RW-data=3968 ZI-data=7152  
FromELF: creating hex file...
"..\..\Output\Template.axf" - 0 Error(s), 0 Warning(s).
Build target 'USART'
compiling main.c...
linking...
Program Size: Code=73826 RO-data=3634 RW-data=3968 ZI-data=7152  
FromELF: creating hex file...
"..\..\Output\Template.axf" - 0 Error(s), 0 Warning(s).
Load "..\\..\\Output\\Template.AXF" 
Erase Done.
Programming Done.
Verify OK.
Build target 'USART'
compiling main.c...
linking...
Program Size: Code=73846 RO-data=3638 RW-data=3968 ZI-data=7152  
FromELF: creating hex file...
"..\..\Output\Template.axf" - 0 Error(s), 0 Warning(s).
Build target 'USART'
compiling main.c...
linking...
Program Size: Code=73846 RO-data=3638 RW-data=3968 ZI-data=7152  
FromELF: creating hex file...
"..\..\Output\Template.axf" - 0 Error(s), 0 Warning(s).
Load "..\\..\\Output\\Template.AXF" 
Erase Done.
Programming Done.
Verify OK.
Build target 'USART'
compiling main.c...
linking...
Program Size: Code=73870 RO-data=3638 RW-data=3968 ZI-data=7152  
FromELF: creating hex file...
"..\..\Output\Template.axf" - 0 Error(s), 0 Warning(s).
Load "..\\..\\Output\\Template.AXF" 
Erase Done.
Programming Done.
Verify OK.
Build target 'USART'
compiling main.c...
linking...
Program Size: Code=73870 RO-data=3638 RW-data=3968 ZI-data=7152  
FromELF: creating hex file...
"..\..\Output\Template.axf" - 0 Error(s), 0 Warning(s).
Load "..\\..\\Output\\Template.AXF" 
Erase Done.
Programming Done.
Verify OK.
Build target 'USART'
compiling main.c...
linking...
Program Size: Code=73874 RO-data=3634 RW-data=3968 ZI-data=7152  
FromELF: creating hex file...
"..\..\Output\Template.axf" - 0 Error(s), 0 Warning(s).
Load "..\\..\\Output\\Template.AXF" 
Erase Done.
Programming Done.
Verify OK.
compiling main.c...
..\..\User\main.c - 0 Error(s), 0 Warning(s).
Build target 'USART'
linking...
Program Size: Code=73874 RO-data=3634 RW-data=3968 ZI-data=7152  
FromELF: creating hex file...
"..\..\Output\Template.axf" - 0 Error(s), 0 Warning(s).
Load "..\\..\\Output\\Template.AXF" 
Erase Done.
Programming Done.
Verify OK.
Build target 'USART'
compiling main.c...
linking...
Program Size: Code=73874 RO-data=3634 RW-data=3968 ZI-data=7152  
FromELF: creating hex file...
"..\..\Output\Template.axf" - 0 Error(s), 0 Warning(s).
Build target 'USART'
compiling main.c...
linking...
Program Size: Code=73882 RO-data=3634 RW-data=3968 ZI-data=7160  
FromELF: creating hex file...
"..\..\Output\Template.axf" - 0 Error(s), 0 Warning(s).
Build target 'USART'
compiling main.c...
linking...
Program Size: Code=73886 RO-data=3638 RW-data=3968 ZI-data=7160  
FromELF: creating hex file...
"..\..\Output\Template.axf" - 0 Error(s), 0 Warning(s).
Load "..\\..\\Output\\Template.AXF" 
Erase Done.
Programming Done.
Verify OK.
Build target 'USART'
compiling main.c...
linking...
..\..\Output\Template.axf: Error: L6218E: Undefined symbol GUI_LineWith (referred from main.o).
Target not created
Build target 'USART'
compiling main.c...
linking...
Program Size: Code=73990 RO-data=3638 RW-data=3968 ZI-data=7160  
FromELF: creating hex file...
"..\..\Output\Template.axf" - 0 Error(s), 0 Warning(s).
Load "..\\..\\Output\\Template.AXF" 
Erase Done.
Programming Done.
Verify OK.
Build target 'USART'
compiling main.c...
linking...
Program Size: Code=73990 RO-data=3638 RW-data=3968 ZI-data=7160  
FromELF: creating hex file...
"..\..\Output\Template.axf" - 0 Error(s), 0 Warning(s).
Load "..\\..\\Output\\Template.AXF" 
Erase Done.
Programming Done.
Verify OK.
Build target 'USART'
compiling main.c...
linking...
Program Size: Code=74022 RO-data=3638 RW-data=3968 ZI-data=7160  
FromELF: creating hex file...
"..\..\Output\Template.axf" - 0 Error(s), 0 Warning(s).
Load "..\\..\\Output\\Template.AXF" 
Erase Done.
Programming Done.
Verify OK.
Build target 'USART'
compiling main.c...
linking...
Program Size: Code=74182 RO-data=3638 RW-data=3968 ZI-data=7160  
FromELF: creating hex file...
"..\..\Output\Template.axf" - 0 Error(s), 0 Warning(s).
Build target 'USART'
compiling main.c...
linking...
Program Size: Code=74206 RO-data=3638 RW-data=3968 ZI-data=7160  
FromELF: creating hex file...
"..\..\Output\Template.axf" - 0 Error(s), 0 Warning(s).
Load "..\\..\\Output\\Template.AXF" 
Erase Done.
Programming Done.
Verify OK.
Build target 'USART'
compiling main.c...
linking...
Program Size: Code=74218 RO-data=3634 RW-data=3968 ZI-data=7160  
FromELF: creating hex file...
"..\..\Output\Template.axf" - 0 Error(s), 0 Warning(s).
Load "..\\..\\Output\\Template.AXF" 
Erase Done.
Programming Done.
Verify OK.
Build target 'USART'
compiling main.c...
linking...
Program Size: Code=74450 RO-data=3634 RW-data=3968 ZI-data=7160  
FromELF: creating hex file...
"..\..\Output\Template.axf" - 0 Error(s), 0 Warning(s).
Load "..\\..\\Output\\Template.AXF" 
Erase Done.
Programming Done.
Verify OK.
Build target 'USART'
compiling main.c...
linking...
Program Size: Code=74450 RO-data=3634 RW-data=3968 ZI-data=7160  
FromELF: creating hex file...
"..\..\Output\Template.axf" - 0 Error(s), 0 Warning(s).
Build target 'USART'
compiling main.c...
linking...
Program Size: Code=74450 RO-data=3634 RW-data=3968 ZI-data=7160  
FromELF: creating hex file...
"..\..\Output\Template.axf" - 0 Error(s), 0 Warning(s).
Load "..\\..\\Output\\Template.AXF" 
Erase Done.
Programming Done.
Verify OK.
Build target 'USART'
compiling main.c...
linking...
Program Size: Code=74450 RO-data=3634 RW-data=3968 ZI-data=7160  
FromELF: creating hex file...
"..\..\Output\Template.axf" - 0 Error(s), 0 Warning(s).
Build target 'USART'
compiling main.c...
linking...
Program Size: Code=74462 RO-data=3638 RW-data=3968 ZI-data=7160  
FromELF: creating hex file...
"..\..\Output\Template.axf" - 0 Error(s), 0 Warning(s).
Load "..\\..\\Output\\Template.AXF" 
Erase Done.
Programming Done.
Verify OK.
Build target 'USART'
compiling main.c...
linking...
Program Size: Code=74482 RO-data=3634 RW-data=3968 ZI-data=7160  
FromELF: creating hex file...
"..\..\Output\Template.axf" - 0 Error(s), 0 Warning(s).
Load "..\\..\\Output\\Template.AXF" 
Erase Done.
Programming Done.
Verify OK.
Build target 'USART'
compiling main.c...
linking...
Program Size: Code=74486 RO-data=3638 RW-data=3968 ZI-data=7160  
FromELF: creating hex file...
"..\..\Output\Template.axf" - 0 Error(s), 0 Warning(s).
Load "..\\..\\Output\\Template.AXF" 
Erase Done.
Programming Done.
Verify OK.
Build target 'USART'
compiling main.c...
linking...
Program Size: Code=74482 RO-data=3634 RW-data=3968 ZI-data=7160  
FromELF: creating hex file...
"..\..\Output\Template.axf" - 0 Error(s), 0 Warning(s).
Build target 'USART'
compiling main.c...
linking...
Program Size: Code=74714 RO-data=3634 RW-data=3968 ZI-data=7160  
FromELF: creating hex file...
"..\..\Output\Template.axf" - 0 Error(s), 0 Warning(s).
Build target 'USART'
compiling main.c...
linking...
Program Size: Code=74714 RO-data=3634 RW-data=3968 ZI-data=7160  
FromELF: creating hex file...
"..\..\Output\Template.axf" - 0 Error(s), 0 Warning(s).
Load "..\\..\\Output\\Template.AXF" 
Erase Done.
Programming Done.
Verify OK.
Build target 'USART'
compiling main.c...
linking...
Program Size: Code=74818 RO-data=3634 RW-data=3968 ZI-data=7160  
FromELF: creating hex file...
"..\..\Output\Template.axf" - 0 Error(s), 0 Warning(s).
Load "..\\..\\Output\\Template.AXF" 
Erase Done.
Programming Done.
Verify OK.
Build target 'USART'
compiling main.c...
linking...
Program Size: Code=74806 RO-data=3638 RW-data=3968 ZI-data=7160  
FromELF: creating hex file...
"..\..\Output\Template.axf" - 0 Error(s), 0 Warning(s).
Build target 'USART'
compiling main.c...
linking...
Program Size: Code=75194 RO-data=3634 RW-data=3968 ZI-data=7160  
FromELF: creating hex file...
"..\..\Output\Template.axf" - 0 Error(s), 0 Warning(s).
Load "..\\..\\Output\\Template.AXF" 
Erase Done.
Programming Done.
Verify OK.
Build target 'USART'
compiling main.c...
linking...
Program Size: Code=75194 RO-data=3634 RW-data=3968 ZI-data=7160  
FromELF: creating hex file...
"..\..\Output\Template.axf" - 0 Error(s), 0 Warning(s).
Load "..\\..\\Output\\Template.AXF" 
Erase Done.
Programming Done.
Verify OK.
Build target 'USART'
compiling main.c...
linking...
Program Size: Code=75046 RO-data=3638 RW-data=3968 ZI-data=7160  
FromELF: creating hex file...
"..\..\Output\Template.axf" - 0 Error(s), 0 Warning(s).
Build target 'USART'
compiling main.c...
linking...
Program Size: Code=75574 RO-data=3638 RW-data=3968 ZI-data=7160  
FromELF: creating hex file...
"..\..\Output\Template.axf" - 0 Error(s), 0 Warning(s).
Load "..\\..\\Output\\Template.AXF" 
Erase Done.
Programming Done.
Verify OK.
Build target 'USART'
compiling main.c...
linking...
Program Size: Code=75554 RO-data=3634 RW-data=3968 ZI-data=7160  
FromELF: creating hex file...
"..\..\Output\Template.axf" - 0 Error(s), 0 Warning(s).
Build target 'USART'
compiling main.c...
linking...
Program Size: Code=75594 RO-data=3634 RW-data=3968 ZI-data=7160  
FromELF: creating hex file...
"..\..\Output\Template.axf" - 0 Error(s), 0 Warning(s).
Load "..\\..\\Output\\Template.AXF" 
Erase Done.
Programming Done.
Verify OK.
Build target 'USART'
compiling main.c...
linking...
Program Size: Code=75598 RO-data=3638 RW-data=3968 ZI-data=7160  
FromELF: creating hex file...
"..\..\Output\Template.axf" - 0 Error(s), 0 Warning(s).
Build target 'USART'
compiling main.c...
linking...
Program Size: Code=75594 RO-data=3634 RW-data=3968 ZI-data=7160  
FromELF: creating hex file...
"..\..\Output\Template.axf" - 0 Error(s), 0 Warning(s).
Load "..\\..\\Output\\Template.AXF" 
Erase Done.
Programming Done.
Verify OK.
Build target 'USART'
compiling rc_mine.c...
linking...
Program Size: Code=75594 RO-data=3634 RW-data=3968 ZI-data=7160  
FromELF: creating hex file...
"..\..\Output\Template.axf" - 0 Error(s), 0 Warning(s).
Load "..\\..\\Output\\Template.AXF" 
Erase Done.
Programming Done.
Verify OK.
Build target 'USART'
compiling main.c...
linking...
Program Size: Code=75606 RO-data=3638 RW-data=3968 ZI-data=7160  
FromELF: creating hex file...
"..\..\Output\Template.axf" - 0 Error(s), 0 Warning(s).
Load "..\\..\\Output\\Template.AXF" 
Erase Done.
Programming Done.
Verify OK.
Build target 'USART'
compiling main.c...
linking...
Program Size: Code=75606 RO-data=3638 RW-data=3968 ZI-data=7160  
FromELF: creating hex file...
"..\..\Output\Template.axf" - 0 Error(s), 0 Warning(s).
Build target 'USART'
compiling main.c...
linking...
Program Size: Code=75638 RO-data=3638 RW-data=3968 ZI-data=7160  
FromELF: creating hex file...
"..\..\Output\Template.axf" - 0 Error(s), 0 Warning(s).
Load "..\\..\\Output\\Template.AXF" 
Erase Done.
Programming Done.
Verify OK.
Build target 'USART'
compiling main.c...
linking...
Program Size: Code=75638 RO-data=3638 RW-data=3968 ZI-data=7160  
FromELF: creating hex file...
"..\..\Output\Template.axf" - 0 Error(s), 0 Warning(s).
Load "..\\..\\Output\\Template.AXF" 
Erase Done.
Programming Done.
Verify OK.
