ARM Linker, 5.02 [Build 28] [MDK-ARM Standard]

==============================================================================

Section Cross References

    startup_stm32f10x_hd.o(RESET) refers to startup_stm32f10x_hd.o(STACK) for __initial_sp
    startup_stm32f10x_hd.o(RESET) refers to startup_stm32f10x_hd.o(.text) for Reset_Handler
    startup_stm32f10x_hd.o(RESET) refers to stm32f10x_it.o(.text) for NMI_Handler
    startup_stm32f10x_hd.o(RESET) refers to nrf.o(.text) for EXTI0_IRQHandler
    startup_stm32f10x_hd.o(RESET) refers to hw_config.o(.text) for USB_LP_CAN1_RX0_IRQHandler
    startup_stm32f10x_hd.o(.text) refers to system_stm32f10x.o(.text) for SystemInit
    startup_stm32f10x_hd.o(.text) refers to entry.o(.ARM.Collect$$$$00000000) for __main
    system_stm32f10x.o(.text) refers to system_stm32f10x.o(.data) for SystemCoreClock
    stm32f10x_adc.o(.text) refers to stm32f10x_rcc.o(.text) for RCC_APB2PeriphResetCmd
    stm32f10x_bkp.o(.text) refers to stm32f10x_rcc.o(.text) for RCC_BackupResetCmd
    stm32f10x_can.o(.text) refers to stm32f10x_rcc.o(.text) for RCC_APB1PeriphResetCmd
    stm32f10x_cec.o(.text) refers to stm32f10x_rcc.o(.text) for RCC_APB1PeriphResetCmd
    stm32f10x_dac.o(.text) refers to stm32f10x_rcc.o(.text) for RCC_APB1PeriphResetCmd
    stm32f10x_gpio.o(.text) refers to stm32f10x_rcc.o(.text) for RCC_APB2PeriphResetCmd
    stm32f10x_i2c.o(.text) refers to stm32f10x_rcc.o(.text) for RCC_APB1PeriphResetCmd
    stm32f10x_pwr.o(.text) refers to stm32f10x_rcc.o(.text) for RCC_APB1PeriphResetCmd
    stm32f10x_rcc.o(.text) refers to stm32f10x_rcc.o(.data) for APBAHBPrescTable
    stm32f10x_spi.o(.text) refers to stm32f10x_rcc.o(.text) for RCC_APB2PeriphResetCmd
    stm32f10x_tim.o(.text) refers to stm32f10x_rcc.o(.text) for RCC_APB2PeriphResetCmd
    stm32f10x_usart.o(.text) refers to stm32f10x_rcc.o(.text) for RCC_APB2PeriphResetCmd
    stm32f10x_wwdg.o(.text) refers to stm32f10x_rcc.o(.text) for RCC_APB1PeriphResetCmd
    main.o(.text) refers to memseta.o(.text) for __aeabi_memclr4
    main.o(.text) refers to gui_basic.o(.text) for GUI_RectangleFill
    main.o(.text) refers to dflti.o(.text) for __aeabi_i2d
    main.o(.text) refers to dmul.o(.text) for __aeabi_dmul
    main.o(.text) refers to dadd.o(.text) for __aeabi_dadd
    main.o(.text) refers to cdcmple.o(.text) for __aeabi_cdcmple
    main.o(.text) refers to cdrcmple.o(.text) for __aeabi_cdrcmple
    main.o(.text) refers to dfixi.o(.text) for __aeabi_d2iz
    main.o(.text) refers to oled.o(.text) for OLED_Refresh_Gram
    main.o(.text) refers to usart.o(.text) for my_itoa
    main.o(.text) refers to beep.o(.text) for Play_Music_Task
    main.o(.text) refers to delay.o(.text) for delay_init
    main.o(.text) refers to adc.o(.text) for Adc_Init
    main.o(.text) refers to spi.o(.text) for SPI1_Init
    main.o(.text) refers to nrf.o(.text) for Nrf24l01_Init
    main.o(.text) refers to mpu9250.o(.text) for Mpu9250_Init
    main.o(.text) refers to flash.o(.text) for Parameter_Init
    main.o(.text) refers to timer.o(.text) for Time4ON
    main.o(.text) refers to key.o(.text) for keyInit
    main.o(.text) refers to hw_config.o(.text) for usb_vcp_init
    main.o(.text) refers to ffltui.o(.text) for __aeabi_ui2f
    main.o(.text) refers to fdiv.o(.text) for __aeabi_fdiv
    main.o(.text) refers to f2d.o(.text) for __aeabi_f2d
    main.o(.text) refers to rc_mine.o(.bss) for Rc_Get
    main.o(.text) refers to adc.o(.bss) for adc_rc
    main.o(.text) refers to rc_mine.o(.data) for height_mode
    main.o(.text) refers to timer.o(.bss) for flag_ms
    main.o(.text) refers to main.o(.bss) for dt
    main.o(.text) refers to ddiv.o(.text) for __aeabi_ddiv
    main.o(.text) refers to d2f.o(.text) for __aeabi_d2f
    main.o(.text) refers to imu.o(.text) for madgwick_update_new
    main.o(.text) refers to fadd.o(.text) for __aeabi_fsub
    main.o(.text) refers to mymath.o(.text) for my_deathzoom1
    main.o(.text) refers to cfcmple.o(.text) for __aeabi_cfcmple
    main.o(.text) refers to cfrcmple.o(.text) for __aeabi_cfrcmple
    main.o(.text) refers to dfixui.o(.text) for __aeabi_d2uiz
    main.o(.text) refers to dfltui.o(.text) for __aeabi_ui2d
    main.o(.text) refers to rc_mine.o(.text) for Nrf_Check_Event
    main.o(.text) refers to data_transfer.o(.text) for ANO_DT_Data_Exchange
    main.o(.text) refers to mpu9250.o(.bss) for mpu6050_fc
    main.o(.text) refers to imu.o(.data) for Yaw_fc
    main.o(.text) refers to main.o(.data) for off_att
    main.o(.text) refers to key.o(.data) for key_o
    stm32f10x_it.o(.text) refers to stm32f10x_usart.o(.text) for USART_GetFlagStatus
    stm32f10x_it.o(.text) refers to usart.o(.text) for USART3_IRQ_TASK
    stm32f10x_it.o(.text) refers to stm32f10x_dma.o(.text) for DMA_ClearFlag
    stm32f10x_it.o(.text) refers to stm32f10x_tim.o(.text) for TIM_GetITStatus
    stm32f10x_it.o(.text) refers to timer.o(.text) for Time4_IntHandle
    stm32f10x_it.o(.text) refers to usart.o(.data) for uart_test
[...]
    RCC_RTCCLKCmd                            0x080016ab   Thumb Code     8  stm32f10x_rcc.o(.text)
    RCC_GetClocksFreq                        0x080016b3   Thumb Code   192  stm32f10x_rcc.o(.text)
    RCC_AHBPeriphClockCmd                    0x08001773   Thumb Code    26  stm32f10x_rcc.o(.text)
    RCC_APB2PeriphClockCmd                   0x0800178d   Thumb Code    26  stm32f10x_rcc.o(.text)
    RCC_APB1PeriphClockCmd                   0x080017a7   Thumb Code    26  stm32f10x_rcc.o(.text)
    RCC_APB2PeriphResetCmd                   0x080017c1   Thumb Code    26  stm32f10x_rcc.o(.text)
    RCC_APB1PeriphResetCmd                   0x080017db   Thumb Code    26  stm32f10x_rcc.o(.text)
    RCC_BackupResetCmd                       0x080017f5   Thumb Code     8  stm32f10x_rcc.o(.text)
    RCC_ClockSecuritySystemCmd               0x080017fd   Thumb Code     6  stm32f10x_rcc.o(.text)
    RCC_MCOConfig                            0x08001803   Thumb Code     6  stm32f10x_rcc.o(.text)
    RCC_ClearFlag                            0x08001809   Thumb Code    14  stm32f10x_rcc.o(.text)
    RCC_GetITStatus                          0x08001817   Thumb Code    20  stm32f10x_rcc.o(.text)
    RCC_ClearITPendingBit                    0x0800182b   Thumb Code     6  stm32f10x_rcc.o(.text)
    SPI_I2S_DeInit                           0x0800185d   Thumb Code    76  stm32f10x_spi.o(.text)
    SPI_Init                                 0x080018a9   Thumb Code    60  stm32f10x_spi.o(.text)
    I2S_Init                                 0x080018e5   Thumb Code   226  stm32f10x_spi.o(.text)
    SPI_StructInit                           0x080019c7   Thumb Code    24  stm32f10x_spi.o(.text)
    I2S_StructInit                           0x080019df   Thumb Code    20  stm32f10x_spi.o(.text)
    SPI_Cmd                                  0x080019f3   Thumb Code    24  stm32f10x_spi.o(.text)
    I2S_Cmd                                  0x08001a0b   Thumb Code    24  stm32f10x_spi.o(.text)
    SPI_I2S_ITConfig                         0x08001a23   Thumb Code    32  stm32f10x_spi.o(.text)
    SPI_I2S_DMACmd                           0x08001a43   Thumb Code    18  stm32f10x_spi.o(.text)
    SPI_I2S_SendData                         0x08001a55   Thumb Code     4  stm32f10x_spi.o(.text)
    SPI_I2S_ReceiveData                      0x08001a59   Thumb Code     6  stm32f10x_spi.o(.text)
    SPI_NSSInternalSoftwareConfig            0x08001a5f   Thumb Code    30  stm32f10x_spi.o(.text)
    SPI_SSOutputCmd                          0x08001a7d   Thumb Code    24  stm32f10x_spi.o(.text)
    SPI_DataSizeConfig                       0x08001a95   Thumb Code    18  stm32f10x_spi.o(.text)
    SPI_TransmitCRC                          0x08001aa7   Thumb Code    10  stm32f10x_spi.o(.text)
    SPI_CalculateCRC                         0x08001ab1   Thumb Code    24  stm32f10x_spi.o(.text)
    SPI_GetCRC                               0x08001ac9   Thumb Code    16  stm32f10x_spi.o(.text)
    SPI_GetCRCPolynomial                     0x08001ad9   Thumb Code     6  stm32f10x_spi.o(.text)
    SPI_BiDirectionalLineConfig              0x08001adf   Thumb Code    28  stm32f10x_spi.o(.text)
    SPI_I2S_GetFlagStatus                    0x08001afb   Thumb Code    18  stm32f10x_spi.o(.text)
    SPI_I2S_ClearFlag                        0x08001b0d   Thumb Code     6  stm32f10x_spi.o(.text)
    SPI_I2S_GetITStatus                      0x08001b13   Thumb Code    52  stm32f10x_spi.o(.text)
    SPI_I2S_ClearITPendingBit                0x08001b47   Thumb Code    20  stm32f10x_spi.o(.text)
    TIM_DeInit                               0x08001b69   Thumb Code   424  stm32f10x_tim.o(.text)
    TIM_TimeBaseInit                         0x08001d11   Thumb Code   122  stm32f10x_tim.o(.text)
    TIM_OC1Init                              0x08001d8b   Thumb Code   132  stm32f10x_tim.o(.text)
    TIM_OC2Init                              0x08001e0f   Thumb Code   154  stm32f10x_tim.o(.text)
    TIM_OC3Init                              0x08001ea9   Thumb Code   150  stm32f10x_tim.o(.text)
    TIM_OC4Init                              0x08001f3f   Thumb Code   182  stm32f10x_tim.o(.text)
    TIM_SetIC4Prescaler                      0x08001ff5   Thumb Code    26  stm32f10x_tim.o(.text)
    TIM_SetIC3Prescaler                      0x08002091   Thumb Code    18  stm32f10x_tim.o(.text)
    TIM_SetIC2Prescaler                      0x0800211d   Thumb Code    26  stm32f10x_tim.o(.text)
    TIM_SetIC1Prescaler                      0x080021b9   Thumb Code    18  stm32f10x_tim.o(.text)
    TIM_ICInit                               0x08002237   Thumb Code   150  stm32f10x_tim.o(.text)
    TIM_PWMIConfig                           0x080022cd   Thumb Code   124  stm32f10x_tim.o(.text)
    TIM_BDTRConfig                           0x08002349   Thumb Code    32  stm32f10x_tim.o(.text)
    TIM_TimeBaseStructInit                   0x08002369   Thumb Code    18  stm32f10x_tim.o(.text)
    TIM_OCStructInit                         0x0800237b   Thumb Code    20  stm32f10x_tim.o(.text)
    TIM_ICStructInit                         0x0800238f   Thumb Code    18  stm32f10x_tim.o(.text)
    TIM_BDTRStructInit                       0x080023a1   Thumb Code    40  stm32f10x_tim.o(.text)
    TIM_Cmd                                  0x080023c9   Thumb Code    24  stm32f10x_tim.o(.text)
    TIM_CtrlPWMOutputs                       0x080023e1   Thumb Code    30  stm32f10x_tim.o(.text)
    TIM_ITConfig                             0x080023ff   Thumb Code    18  stm32f10x_tim.o(.text)
    TIM_GenerateEvent                        0x08002411   Thumb Code     4  stm32f10x_tim.o(.text)
    TIM_DMAConfig                            0x08002415   Thumb Code    10  stm32f10x_tim.o(.text)
    TIM_DMACmd                               0x0800241f   Thumb Code    18  stm32f10x_tim.o(.text)
    TIM_InternalClockConfig                  0x08002431   Thumb Code    12  stm32f10x_tim.o(.text)
    TIM_SelectInputTrigger                   0x0800243d   Thumb Code    18  stm32f10x_tim.o(.text)
    TIM_ITRxExternalClockConfig              0x0800244f   Thumb Code    24  stm32f10x_tim.o(.text)
    TIM_TIxExternalClockConfig               0x08002467   Thumb Code    62  stm32f10x_tim.o(.text)
    TIM_ETRConfig                            0x080024a5   Thumb Code    28  stm32f10x_tim.o(.text)
    TIM_ETRClockMode1Config                  0x080024c1   Thumb Code    54  stm32f10x_tim.o(.text)
    TIM_ETRClockMode2Config                  0x080024f7   Thumb Code    32  stm32f10x_tim.o(.text)
    TIM_PrescalerConfig                      0x08002517   Thumb Code     6  stm32f10x_tim.o(.text)
    TIM_CounterModeConfig                    0x0800251d   Thumb Code    18  stm32f10x_tim.o(.text)
    TIM_EncoderInterfaceConfig               0x0800252f   Thumb Code    66  stm32f10x_tim.o(.text)
    TIM_ForcedOC1Config                      0x08002571   Thumb Code    18  stm32f10x_tim.o(.text)
    TIM_ForcedOC2Config                      0x08002583   Thumb Code    26  stm32f10x_tim.o(.text)
    TIM_ForcedOC3Config                      0x0800259d   Thumb Code    18  stm32f10x_tim.o(.text)
    TIM_ForcedOC4Config                      0x080025af   Thumb Code    26  stm32f10x_tim.o(.text)
    TIM_ARRPreloadConfig                     0x080025c9   Thumb Code    24  stm32f10x_tim.o(.text)
    TIM_SelectCOM                            0x080025e1   Thumb Code    24  stm32f10x_tim.o(.text)
    TIM_SelectCCDMA                          0x080025f9   Thumb Code    24  stm32f10x_tim.o(.text)
    TIM_CCPreloadControl                     0x08002611   Thumb Code    24  stm32f10x_tim.o(.text)
    TIM_OC1PreloadConfig                     0x08002629   Thumb Code    18  stm32f10x_tim.o(.text)
    TIM_OC2PreloadConfig                     0x0800263b   Thumb Code    26  stm32f10x_tim.o(.text)
    TIM_OC3PreloadConfig                     0x08002655   Thumb Code    18  stm32f10x_tim.o(.text)
    TIM_OC4PreloadConfig                     0x08002667   Thumb Code    26  stm32f10x_tim.o(.text)
    TIM_OC1FastConfig                        0x08002681   Thumb Code    18  stm32f10x_tim.o(.text)
    TIM_OC2FastConfig                        0x08002693   Thumb Code    26  stm32f10x_tim.o(.text)
    TIM_OC3FastConfig                        0x080026ad   Thumb Code    18  stm32f10x_tim.o(.text)
    TIM_OC4FastConfig                        0x080026bf   Thumb Code    26  stm32f10x_tim.o(.text)
    TIM_ClearOC1Ref                          0x080026d9   Thumb Code    18  stm32f10x_tim.o(.text)
    TIM_ClearOC2Ref                          0x080026eb   Thumb Code    24  stm32f10x_tim.o(.text)
    TIM_ClearOC3Ref                          0x08002703   Thumb Code    18  stm32f10x_tim.o(.text)
    TIM_ClearOC4Ref                          0x08002715   Thumb Code    24  stm32f10x_tim.o(.text)
    TIM_OC1PolarityConfig                    0x0800272d   Thumb Code    18  stm32f10x_tim.o(.text)
    TIM_OC1NPolarityConfig                   0x0800273f   Thumb Code    18  stm32f10x_tim.o(.text)
    TIM_OC2PolarityConfig                    0x08002751   Thumb Code    26  stm32f10x_tim.o(.text)
    TIM_OC2NPolarityConfig                   0x0800276b   Thumb Code    26  stm32f10x_tim.o(.text)
    TIM_OC3PolarityConfig                    0x08002785   Thumb Code    26  stm32f10x_tim.o(.text)
    TIM_OC3NPolarityConfig                   0x0800279f   Thumb Code    26  stm32f10x_tim.o(.text)
    TIM_OC4PolarityConfig                    0x080027b9   Thumb Code    26  stm32f10x_tim.o(.text)
    TIM_CCxCmd                               0x080027d3   Thumb Code    30  stm32f10x_tim.o(.text)
    TIM_CCxNCmd                              0x080027f1   Thumb Code    30  stm32f10x_tim.o(.text)
    TIM_SelectOCxM                           0x0800280f   Thumb Code    82  stm32f10x_tim.o(.text)
    TIM_UpdateDisableConfig                  0x08002861   Thumb Code    24  stm32f10x_tim.o(.text)
    TIM_UpdateRequestConfig                  0x08002879   Thumb Code    24  stm32f10x_tim.o(.text)
    TIM_SelectHallSensor                     0x08002891   Thumb Code    24  stm32f10x_tim.o(.text)
    TIM_SelectOnePulseMode                   0x080028a9   Thumb Code    18  stm32f10x_tim.o(.text)
    TIM_SelectOutputTrigger                  0x080028bb   Thumb Code    18  stm32f10x_tim.o(.text)
    TIM_SelectSlaveMode                      0x080028cd   Thumb Code    18  stm32f10x_tim.o(.text)
    TIM_SelectMasterSlaveMode                0x080028df   Thumb Code    18  stm32f10x_tim.o(.text)
    TIM_SetCounter                           0x080028f1   Thumb Code     4  stm32f10x_tim.o(.text)
    TIM_SetAutoreload                        0x080028f5   Thumb Code     4  stm32f10x_tim.o(.text)
    TIM_SetCompare1                          0x080028f9   Thumb Code     4  stm32f10x_tim.o(.text)
    TIM_SetCompare2                          0x080028fd   Thumb Code     4  stm32f10x_tim.o(.text)
    TIM_SetCompare3                          0x08002901   Thumb Code     4  stm32f10x_tim.o(.text)
    TIM_SetCompare4                          0x08002905   Thumb Code     6  stm32f10x_tim.o(.text)
    TIM_SetClockDivision                     0x0800290b   Thumb Code    18  stm32f10x_tim.o(.text)
    TIM_GetCapture1                          0x0800291d   Thumb Code     6  stm32f10x_tim.o(.text)
    TIM_GetCapture2                          0x08002923   Thumb Code     6  stm32f10x_tim.o(.text)
    TIM_GetCapture3                          0x08002929   Thumb Code     6  stm32f10x_tim.o(.text)
    TIM_GetCapture4                          0x0800292f   Thumb Code     8  stm32f10x_tim.o(.text)
    TIM_GetCounter                           0x08002937   Thumb Code     6  stm32f10x_tim.o(.text)
    TIM_GetPrescaler                         0x0800293d   Thumb Code     6  stm32f10x_tim.o(.text)
    TIM_GetFlagStatus                        0x08002943   Thumb Code    18  stm32f10x_tim.o(.text)
    TIM_ClearFlag                            0x08002955   Thumb Code     6  stm32f10x_tim.o(.text)
    TIM_GetITStatus                          0x0800295b   Thumb Code    34  stm32f10x_tim.o(.text)
    TIM_ClearITPendingBit                    0x0800297d   Thumb Code     6  stm32f10x_tim.o(.text)
    USART_DeInit                             0x08002985   Thumb Code   134  stm32f10x_usart.o(.text)
    USART_Init                               0x08002a0b   Thumb Code   210  stm32f10x_usart.o(.text)
    USART_StructInit                         0x08002add   Thumb Code    24  stm32f10x_usart.o(.text)
    USART_ClockInit                          0x08002af5   Thumb Code    34  stm32f10x_usart.o(.text)
    USART_ClockStructInit                    0x08002b17   Thumb Code    12  stm32f10x_usart.o(.text)
    USART_Cmd                                0x08002b23   Thumb Code    24  stm32f10x_usart.o(.text)
    USART_ITConfig                           0x08002b3b   Thumb Code    74  stm32f10x_usart.o(.text)
    USART_DMACmd                             0x08002b85   Thumb Code    18  stm32f10x_usart.o(.text)
    USART_SetAddress                         0x08002b97   Thumb Code    18  stm32f10x_usart.o(.text)
    USART_WakeUpConfig                       0x08002ba9   Thumb Code    18  stm32f10x_usart.o(.text)
    USART_ReceiverWakeUpCmd                  0x08002bbb   Thumb Code    24  stm32f10x_usart.o(.text)
    USART_LINBreakDetectLengthConfig         0x08002bd3   Thumb Code    18  stm32f10x_usart.o(.text)
    USART_LINCmd                             0x08002be5   Thumb Code    24  stm32f10x_usart.o(.text)
    USART_SendData                           0x08002bfd   Thumb Code     8  stm32f10x_usart.o(.text)
    USART_ReceiveData                        0x08002c05   Thumb Code    10  stm32f10x_usart.o(.text)
    USART_SendBreak                          0x08002c0f   Thumb Code    10  stm32f10x_usart.o(.text)
    USART_SetGuardTime                       0x08002c19   Thumb Code    16  stm32f10x_usart.o(.text)
    USART_SetPrescaler                       0x08002c29   Thumb Code    16  stm32f10x_usart.o(.text)
    USART_SmartCardCmd                       0x08002c39   Thumb Code    24  stm32f10x_usart.o(.text)
    USART_SmartCardNACKCmd                   0x08002c51   Thumb Code    24  stm32f10x_usart.o(.text)
    USART_HalfDuplexCmd                      0x08002c69   Thumb Code    24  stm32f10x_usart.o(.text)
    USART_OverSampling8Cmd                   0x08002c81   Thumb Code    22  stm32f10x_usart.o(.text)
    USART_OneBitMethodCmd                    0x08002c97   Thumb Code    24  stm32f10x_usart.o(.text)
    USART_IrDAConfig                         0x08002caf   Thumb Code    18  stm32f10x_usart.o(.text)
    USART_IrDACmd                            0x08002cc1   Thumb Code    24  stm32f10x_usart.o(.text)
    USART_GetFlagStatus                      0x08002cd9   Thumb Code    26  stm32f10x_usart.o(.text)
    USART_ClearFlag                          0x08002cf3   Thumb Code    18  stm32f10x_usart.o(.text)
    USART_GetITStatus                        0x08002d05   Thumb Code    84  stm32f10x_usart.o(.text)
    USART_ClearITPendingBit                  0x08002d59   Thumb Code    52  stm32f10x_usart.o(.text)
    OLED_TASK                                0x08002d8d   Thumb Code   810  main.o(.text)
    BEEP_TASK                                0x080030b7   Thumb Code    14  main.o(.text)
    main                                     0x080030c5   Thumb Code  1384  main.o(.text)
    NMI_Handler                              0x08003695   Thumb Code     2  stm32f10x_it.o(.text)
    HardFault_Handler                        0x08003697   Thumb Code     4  stm32f10x_it.o(.text)
    MemManage_Handler                        0x0800369b   Thumb Code     4  stm32f10x_it.o(.text)
    BusFault_Handler                         0x0800369f   Thumb Code     4  stm32f10x_it.o(.text)
    UsageFault_Handler                       0x080036a3   Thumb Code     4  stm32f10x_it.o(.text)
    SVC_Handler                              0x080036a7   Thumb Code     2  stm32f10x_it.o(.text)
    DebugMon_Handler                         0x080036a9   Thumb Code     2  stm32f10x_it.o(.text)
    PendSV_Handler                           0x080036ab   Thumb Code     2  stm32f10x_it.o(.text)
    SysTick_Handler                          0x080036ad   Thumb Code     2  stm32f10x_it.o(.text)
    USART1_IRQHandler                        0x080036af   Thumb Code    98  stm32f10x_it.o(.text)
    USART2_IRQHandler                        0x08003711   Thumb Code    98  stm32f10x_it.o(.text)
    USART3_IRQHandler                        0x08003773   Thumb Code   102  stm32f10x_it.o(.text)
    DMA1_Channel7_IRQHandler                 0x080037d9   Thumb Code    36  stm32f10x_it.o(.text)
    TIM4_IRQHandler                          0x080037fd   Thumb Code    20  stm32f10x_it.o(.text)
    USART_ON                                 0x08003831   Thumb Code   490  usart.o(.text)
    USART1_DMA_Config                        0x08003a1b   Thumb Code    76  usart.o(.text)
    USART2_DMA_Config                        0x08003a67   Thumb Code   120  usart.o(.text)
    USART_init                               0x08003adf   Thumb Code    18  usart.o(.text)
    UsartSend                                0x08003af1   Thumb Code    28  usart.o(.text)
    my_itoa                                  0x08003b0d   Thumb Code    96  usart.o(.text)
    USART3_IRQ_TASK                          0x08003b6d   Thumb Code     2  usart.o(.text)
    UART_TX_CHAR                             0x08003b6f   Thumb Code    90  usart.o(.text)
    fputc                                    0x08003bc9   Thumb Code    32  usart.o(.text)
    fgetc                                    0x08003be9   Thumb Code    26  usart.o(.text)
    ANO_DT_Send_Data                         0x08003c21   Thumb Code    16  data_transfer.o(.text)
    ANO_DT_Send_PID                          0x08003cb7   Thumb Code   516  data_transfer.o(.text)
    ANO_DT_Send_Power                        0x08003ebb   Thumb Code   144  data_transfer.o(.text)
    ANO_DT_Send_Location                     0x08003f4b   Thumb Code   290  data_transfer.o(.text)
    ANO_DT_Send_Senser                       0x0800406d   Thumb Code   408  data_transfer.o(.text)
    ANO_DT_Send_Speed                        0x08004205   Thumb Code   224  data_transfer.o(.text)
    ANO_DT_Send_RCData                       0x080042e5   Thumb Code   360  data_transfer.o(.text)
    ANO_DT_Send_Status                       0x0800444d   Thumb Code   320  data_transfer.o(.text)
    ANO_DT_Data_Exchange                     0x0800458d   Thumb Code  2266  data_transfer.o(.text)
    ANO_DT_Data_Receive_Anl                  0x08004e67   Thumb Code  1278  data_transfer.o(.text)
    ANO_DT_Data_Receive_Prepare              0x08005365   Thumb Code   216  data_transfer.o(.text)
    ANO_DT_Send_Version                      0x0800543d   Thumb Code   236  data_transfer.o(.text)
    ANO_DT_Send_Senser2                      0x08005529   Thumb Code   156  data_transfer.o(.text)
    ANO_DT_Send_MotoPWM                      0x080055c5   Thumb Code   296  data_transfer.o(.text)
    ANO_DT_Send_User                         0x080056ed   Thumb Code   126  data_transfer.o(.text)
    ANO_DT_Send_QR1                          0x0800576b   Thumb Code   228  data_transfer.o(.text)
    ANO_DT_Send_QR2                          0x0800584f   Thumb Code   238  data_transfer.o(.text)
    delay_init                               0x08005941   Thumb Code    54  delay.o(.text)
    TIM3_Config                              0x08005977   Thumb Code    62  delay.o(.text)
    Get_Cycle_T                              0x080059b5   Thumb Code   174  delay.o(.text)
    Cycle_Time_Init                          0x08005a63   Thumb Code    22  delay.o(.text)
    delay_ms                                 0x08005a79   Thumb Code    54  delay.o(.text)
    delay_us                                 0x08005aaf   Thumb Code    54  delay.o(.text)
    NRF_Write_Reg                            0x08005af9   Thumb Code    40  nrf.o(.text)
    NRF_Read_Reg                             0x08005b21   Thumb Code    38  nrf.o(.text)
    NRF_Write_Buf                            0x08005b47   Thumb Code    58  nrf.o(.text)
    NRF_Read_Buf                             0x08005b81   Thumb Code    60  nrf.o(.text)
    NRF_TxPacket                             0x08005bbd   Thumb Code    48  nrf.o(.text)
    NRF_TxPacket_AP                          0x08005bed   Thumb Code    36  nrf.o(.text)
    Nrf24l01_Check                           0x08005c11   Thumb Code    72  nrf.o(.text)
    NRF24L01_RxPacket                        0x08005c59   Thumb Code    60  nrf.o(.text)
    Nrf24l01_Init                            0x08005c95   Thumb Code   312  nrf.o(.text)
    EXTI0_IRQHandler                         0x08005dcd   Thumb Code    10  nrf.o(.text)
    SPI_CS                                   0x08005de5   Thumb Code   136  spi.o(.text)
    SPI1_Init                                0x08005e6d   Thumb Code   196  spi.o(.text)
    SPI1_SetSpeed                            0x08005f31   Thumb Code    26  spi.o(.text)
    Spi_RW1                                  0x08005f4b   Thumb Code    78  spi.o(.text)
    Spi_RW                                   0x08005f99   Thumb Code    50  spi.o(.text)
    SPI_Write_Reg                            0x08005fcb   Thumb Code    54  spi.o(.text)
    SPI_Read_Reg                             0x08006001   Thumb Code    42  spi.o(.text)
    SPI_Write_Buf                            0x0800602b   Thumb Code    60  spi.o(.text)
    SPI_Read_Buf                             0x08006067   Thumb Code    62  spi.o(.text)
    SPI_BufferRead                           0x080060a5   Thumb Code   102  spi.o(.text)
    SPI_Transmit                             0x0800610b   Thumb Code    26  spi.o(.text)
    SPI_Receive                              0x08006125   Thumb Code    28  spi.o(.text)
    getAdcValue                              0x08006151   Thumb Code    44  adc.o(.text)
    Adc_Init                                 0x0800617d   Thumb Code   378  adc.o(.text)
    ADC_Filter                               0x080062f7   Thumb Code   152  adc.o(.text)
    getFlyDataADCValue                       0x0800638f   Thumb Code   416  adc.o(.text)
    keyInit                                  0x08006565   Thumb Code    68  key.o(.text)
    KEY_Scan                                 0x080065a9   Thumb Code    84  key.o(.text)
    MPU9250_ReadValue                        0x08006609   Thumb Code   210  mpu9250.o(.text)
    MPU9250_Write_Reg                        0x080066db   Thumb Code    40  mpu9250.o(.text)
    Mpu9250_Init                             0x08006703   Thumb Code   288  mpu9250.o(.text)
    MPU9250_Read_Reg                         0x08006823   Thumb Code    40  mpu9250.o(.text)
    MPU92_Mag_WriteReg                       0x0800684b   Thumb Code    84  mpu9250.o(.text)
    MPU92_Mag_ReadReg                        0x0800689f   Thumb Code    84  mpu9250.o(.text)
    MPU6050_Data_Offset                      0x080068f3   Thumb Code   534  mpu9250.o(.text)
    Transform                                0x08006b09   Thumb Code    14  mpu9250.o(.text)
    MPU6050_Data_Prepare                     0x08006b17   Thumb Code  1148  mpu9250.o(.text)
    invSqrt                                  0x08006fa9   Thumb Code    72  imu.o(.text)
    calculateAccConfidence                   0x08006ff1   Thumb Code   170  imu.o(.text)
    calculateHmlConfidence                   0x0800709b   Thumb Code   154  imu.o(.text)
    madgwick_update_new                      0x08007135   Thumb Code  4744  imu.o(.text)
    my_abs                                   0x080083e1   Thumb Code    24  mymath.o(.text)
    fast_atan2                               0x080083f9   Thumb Code   344  mymath.o(.text)
    my_atan                                  0x08008551   Thumb Code    16  mymath.o(.text)
    my_sqrt                                  0x08008561   Thumb Code   114  mymath.o(.text)
    my_deathzoom_21                          0x080085d3   Thumb Code    44  mymath.o(.text)
    my_deathzoom_rc                          0x080085ff   Thumb Code   182  mymath.o(.text)
    my_deathzoom1                            0x080086b5   Thumb Code    66  mymath.o(.text)
    my_deathzoom                             0x080086f7   Thumb Code    72  mymath.o(.text)
    my_deathzoom_2                           0x0800873f   Thumb Code    62  mymath.o(.text)
    To_180_degrees_db                        0x0800877d   Thumb Code    70  mymath.o(.text)
    To_180_degrees                           0x080087c3   Thumb Code    48  mymath.o(.text)
    linear_interpolation_5                   0x080087f3   Thumb Code   328  mymath.o(.text)
    ReadFlashNBtye                           0x0800893d   Thumb Code    26  flash.o(.text)
    WriteFlashOneWord                        0x08008957   Thumb Code    54  flash.o(.text)
    WriteFlashHarfWord                       0x0800898d   Thumb Code    54  flash.o(.text)
    WriteFlashNineFloat                      0x080089c3   Thumb Code   254  flash.o(.text)
    ReadFlashThreeFloat                      0x08008ac1   Thumb Code   174  flash.o(.text)
    Parameter_Init                           0x08008b6f   Thumb Code    30  flash.o(.text)
    WRITE_PARM                               0x08008b8d   Thumb Code    56  flash.o(.text)
    NRF_DataAnl                              0x08008bd1   Thumb Code  1968  rc_mine.o(.text)
    Nrf_Check_Event                          0x08009381   Thumb Code   164  rc_mine.o(.text)
    NRF_Send_RC                              0x08009425   Thumb Code   374  rc_mine.o(.text)
    NRF_Send_PID1                            0x0800959b   Thumb Code   134  rc_mine.o(.text)
    NRF_Send_PID2                            0x08009621   Thumb Code   132  rc_mine.o(.text)
    NRF_Send_PID3                            0x080096a5   Thumb Code   132  rc_mine.o(.text)
    NRF_Send_PID4                            0x08009729   Thumb Code   132  rc_mine.o(.text)
    RC_Send_Task                             0x080097ad   Thumb Code   184  rc_mine.o(.text)
    UPDATE_SCREEN                            0x08009871   Thumb Code    12  oled.o(.text)
    OLED_WR_Byte                             0x0800987d   Thumb Code    96  oled.o(.text)
    OLED_DLY_ms                              0x080098dd   Thumb Code    24  oled.o(.text)
    delay_us_api                             0x080098f5   Thumb Code    26  oled.o(.text)
    delay_ms_api                             0x0800990f   Thumb Code    24  oled.o(.text)
    LED_GPIO_Config                          0x08009927   Thumb Code   100  oled.o(.text)
    OLED_WrDat                               0x0800998b   Thumb Code    92  oled.o(.text)
    OLED_WrCmd                               0x080099e7   Thumb Code    88  oled.o(.text)
    OLED_Fill                                0x08009a3f   Thumb Code    58  oled.o(.text)
    OLED_Init                                0x08009a79   Thumb Code   316  oled.o(.text)
    OLED_Set_Pos                             0x08009bb5   Thumb Code    36  oled.o(.text)
    OLED_CLS                                 0x08009bd9   Thumb Code    56  oled.o(.text)
    adjust                                   0x08009c11   Thumb Code    12  oled.o(.text)
    SetStartColumn                           0x08009c1d   Thumb Code    44  oled.o(.text)
    SetAddressingMode                        0x08009c49   Thumb Code    48  oled.o(.text)
    SetColumnAddress                         0x08009c79   Thumb Code    26  oled.o(.text)
    SetPageAddress                           0x08009c93   Thumb Code    26  oled.o(.text)
    SetStartLine                             0x08009cad   Thumb Code    14  oled.o(.text)
    SetContrastControl                       0x08009cbb   Thumb Code    18  oled.o(.text)
    Set_Charge_Pump                          0x08009ccd   Thumb Code    20  oled.o(.text)
    Set_Segment_Remap                        0x08009ce1   Thumb Code    14  oled.o(.text)
    Set_Entire_Display                       0x08009cef   Thumb Code    14  oled.o(.text)
    Set_Inverse_Display                      0x08009cfd   Thumb Code    14  oled.o(.text)
    Set_Multiplex_Ratio                      0x08009d0b   Thumb Code    18  oled.o(.text)
    Set_Display_On_Off                       0x08009d1d   Thumb Code    14  oled.o(.text)
    SetStartPage                             0x08009d2b   Thumb Code    14  oled.o(.text)
    Set_Common_Remap                         0x08009d39   Thumb Code    14  oled.o(.text)
    Set_Display_Offset                       0x08009d47   Thumb Code    18  oled.o(.text)
    Set_Display_Clock                        0x08009d59   Thumb Code    18  oled.o(.text)
    Set_Precharge_Period                     0x08009d6b   Thumb Code    18  oled.o(.text)
    Set_Common_Config                        0x08009d7d   Thumb Code    20  oled.o(.text)
    Set_VCOMH                                0x08009d91   Thumb Code    18  oled.o(.text)
    Set_NOP                                  0x08009da3   Thumb Code    10  oled.o(.text)
    OLED_P6x8Str                             0x08009dad   Thumb Code    96  oled.o(.text)
    OLED_P8x16Str                            0x08009e0d   Thumb Code   130  oled.o(.text)
    OLED_P14x16Str                           0x08009e8f   Thumb Code   246  oled.o(.text)
    OLED_Print                               0x08009f85   Thumb Code   100  oled.o(.text)
    Dis_Char                                 0x08009fe9   Thumb Code    34  oled.o(.text)
    Dis_String                               0x0800a00b   Thumb Code   104  oled.o(.text)
    Dis_Num                                  0x0800a073   Thumb Code   160  oled.o(.text)
    Dis_Float                                0x0800a113   Thumb Code   466  oled.o(.text)
    Dis_Float2                               0x0800a2e5   Thumb Code   360  oled.o(.text)
    OLED_P8x16Num_8bit                       0x0800a44d   Thumb Code    60  oled.o(.text)
    OLED_P6x8Num_8bit                        0x0800a489   Thumb Code    60  oled.o(.text)
    OLED_Num                                 0x0800a4c5   Thumb Code    60  oled.o(.text)
    OLED_3num                                0x0800a501   Thumb Code    90  oled.o(.text)
    OLED_4num                                0x0800a55b   Thumb Code   134  oled.o(.text)
    OLED_Num5                                0x0800a5e1   Thumb Code   152  oled.o(.text)
    lcd_address                              0x0800a679   Thumb Code    40  oled.o(.text)
    display_128x64                           0x0800a6a1   Thumb Code    64  oled.o(.text)
    display_128x64_SD                        0x0800a6e1   Thumb Code    64  oled.o(.text)
    OLED_Refresh_Gram                        0x0800a721   Thumb Code    48  oled.o(.text)
    GRAM_CLEAR                               0x0800a751   Thumb Code    56  oled.o(.text)
    OLED_DrawPoint                           0x0800a789   Thumb Code   100  oled.o(.text)
    GUI_Point                                0x0800a7f1   Thumb Code    20  gui_basic.o(.text)
    GUI_RLine                                0x0800a805   Thumb Code    46  gui_basic.o(.text)
    GUI_HLine                                0x0800a833   Thumb Code    46  gui_basic.o(.text)
    GUI_Rectangle                            0x0800a861   Thumb Code    68  gui_basic.o(.text)
    GUI_RectangleFill                        0x0800a8a5   Thumb Code    98  gui_basic.o(.text)
    GUI_Square                               0x0800a907   Thumb Code    48  gui_basic.o(.text)
    GUI_Line                                 0x0800a937   Thumb Code   234  gui_basic.o(.text)
    GUI_LineS                                0x0800aa21   Thumb Code    88  gui_basic.o(.text)
    GUI_Circle                               0x0800aa79   Thumb Code   496  gui_basic.o(.text)
    GUI_CircleFill                           0x0800ac69   Thumb Code   762  gui_basic.o(.text)
    Tone                                     0x0800af65   Thumb Code   164  beep.o(.text)
    Play_Music                               0x0800b009   Thumb Code   128  beep.o(.text)
    Play_Music_In_Task                       0x0800b089   Thumb Code   290  beep.o(.text)
    Play_Music_Direct                        0x0800b1ab   Thumb Code    72  beep.o(.text)
    Play_Music_Task                          0x0800b1f3   Thumb Code   100  beep.o(.text)
    Beep_Init                                0x0800b257   Thumb Code   180  beep.o(.text)
    Time4ON                                  0x0800b349   Thumb Code   110  timer.o(.text)
    Time4_IntHandle                          0x0800b3b7   Thumb Code   286  timer.o(.text)
    USBWakeUp_IRQHandler                     0x0800b4fd   Thumb Code    12  hw_config.o(.text)
    USB_LP_CAN1_RX0_IRQHandler               0x0800b509   Thumb Code     8  hw_config.o(.text)
    Set_USBClock                             0x0800b511   Thumb Code    18  hw_config.o(.text)
    Enter_LowPowerMode                       0x0800b523   Thumb Code     8  hw_config.o(.text)
    Leave_LowPowerMode                       0x0800b52b   Thumb Code    22  hw_config.o(.text)
    USB_Interrupts_Config                    0x0800b541   Thumb Code    84  hw_config.o(.text)
    USB_Cable_Config                         0x0800b595   Thumb Code     2  hw_config.o(.text)
    USB_Port_Set                             0x0800b597   Thumb Code    74  hw_config.o(.text)
    IntToUnicode                             0x0800b5e1   Thumb Code    62  hw_config.o(.text)
    Get_SerialNum                            0x0800b61f   Thumb Code    42  hw_config.o(.text)
    USART_Config                             0x0800b649   Thumb Code    26  hw_config.o(.text)
    USB_To_USART_Send_Data                   0x0800b663   Thumb Code    88  hw_config.o(.text)
    USB_SendData                             0x0800b6bb   Thumb Code    42  hw_config.o(.text)
    usbsendData                              0x0800b6e5   Thumb Code    28  hw_config.o(.text)
    usb_printf                               0x0800b701   Thumb Code    56  hw_config.o(.text)
    usb_vcp_init                             0x0800b739   Thumb Code    34  hw_config.o(.text)
    EP1_IN_Callback                          0x0800b785   Thumb Code   136  usb_endp.o(.text)
    EP3_OUT_Callback                         0x0800b80d   Thumb Code    28  usb_endp.o(.text)
    SOF_Callback                             0x0800b829   Thumb Code    38  usb_endp.o(.text)
    USB_Istr                                 0x0800b861   Thumb Code   414  usb_istr.o(.text)
    Virtual_Com_Port_init                    0x0800ba21   Thumb Code    30  usb_prop.o(.text)
    Virtual_Com_Port_Reset                   0x0800ba3f   Thumb Code   216  usb_prop.o(.text)
    Virtual_Com_Port_SetConfiguration        0x0800bb17   Thumb Code    14  usb_prop.o(.text)
    Virtual_Com_Port_SetDeviceAddress        0x0800bb25   Thumb Code     8  usb_prop.o(.text)
    Virtual_Com_Port_Status_In               0x0800bb2d   Thumb Code    22  usb_prop.o(.text)
    Virtual_Com_Port_Status_Out              0x0800bb43   Thumb Code     2  usb_prop.o(.text)
    Virtual_Com_Port_SetLineCoding           0x0800bb45   Thumb Code    20  usb_prop.o(.text)
    Virtual_Com_Port_GetLineCoding           0x0800bb59   Thumb Code    20  usb_prop.o(.text)
    Virtual_Com_Port_Data_Setup              0x0800bb6d   Thumb Code    86  usb_prop.o(.text)
    Virtual_Com_Port_NoData_Setup            0x0800bbc3   Thumb Code    36  usb_prop.o(.text)
    Virtual_Com_Port_GetDeviceDescriptor     0x0800bbe7   Thumb Code    14  usb_prop.o(.text)
    Virtual_Com_Port_GetConfigDescriptor     0x0800bbf5   Thumb Code    14  usb_prop.o(.text)
    Virtual_Com_Port_GetStringDescriptor     0x0800bc03   Thumb Code    32  usb_prop.o(.text)
    Virtual_Com_Port_Get_Interface_Setting   0x0800bc23   Thumb Code    22  usb_prop.o(.text)
    PowerOn                                  0x0800bc61   Thumb Code    54  usb_pwr.o(.text)
    PowerOff                                 0x0800bc97   Thumb Code    28  usb_pwr.o(.text)
    Suspend                                  0x0800bcb3   Thumb Code   134  usb_pwr.o(.text)
    Resume_Init                              0x0800bd39   Thumb Code    30  usb_pwr.o(.text)
    Resume                                   0x0800bd57   Thumb Code   194  usb_pwr.o(.text)
    Standard_GetConfiguration                0x0800be2d   Thumb Code    34  usb_core.o(.text)
    Standard_SetConfiguration                0x0800be4f   Thumb Code    60  usb_core.o(.text)
    Standard_GetInterface                    0x0800be8b   Thumb Code    34  usb_core.o(.text)
    Standard_SetInterface                    0x0800bead   Thumb Code    96  usb_core.o(.text)
    Standard_GetStatus                       0x0800bf0d   Thumb Code   230  usb_core.o(.text)
    Standard_ClearFeature                    0x0800bff3   Thumb Code   308  usb_core.o(.text)
    Standard_SetEndPointFeature              0x0800c127   Thumb Code   168  usb_core.o(.text)
    Standard_SetDeviceFeature                0x0800c1cf   Thumb Code    30  usb_core.o(.text)
    Standard_GetDescriptorData               0x0800c1ed   Thumb Code    32  usb_core.o(.text)
    Post0_Process                            0x0800c72d   Thumb Code    54  usb_core.o(.text)
    Setup0_Process                           0x0800c763   Thumb Code   170  usb_core.o(.text)
    SetDeviceAddress                         0x0800c80d   Thumb Code    66  usb_core.o(.text)
    In0_Process                              0x0800c84f   Thumb Code    98  usb_core.o(.text)
    Out0_Process                             0x0800c8b1   Thumb Code    70  usb_core.o(.text)
    NOP_Process                              0x0800c8f7   Thumb Code     2  usb_core.o(.text)
    USB_Init                                 0x0800c921   Thumb Code    36  usb_init.o(.text)
    CTR_LP                                   0x0800c95d   Thumb Code   566  usb_int.o(.text)
    CTR_HP                                   0x0800cb93   Thumb Code   156  usb_int.o(.text)
    UserToPMABufferCopy                      0x0800cc4d   Thumb Code    52  usb_mem.o(.text)
    PMAToUserBufferCopy                      0x0800cc81   Thumb Code    34  usb_mem.o(.text)
    SetCNTR                                  0x0800cca9   Thumb Code     6  usb_regs.o(.text)
    GetCNTR                                  0x0800ccaf   Thumb Code     8  usb_regs.o(.text)
    SetISTR                                  0x0800ccb7   Thumb Code     8  usb_regs.o(.text)
    GetISTR                                  0x0800ccbf   Thumb Code    10  usb_regs.o(.text)
    GetFNR                                   0x0800ccc9   Thumb Code    10  usb_regs.o(.text)
    SetDADDR                                 0x0800ccd3   Thumb Code     8  usb_regs.o(.text)
    GetDADDR                                 0x0800ccdb   Thumb Code    10  usb_regs.o(.text)
    SetBTABLE                                0x0800cce5   Thumb Code    14  usb_regs.o(.text)
    GetBTABLE                                0x0800ccf3   Thumb Code    10  usb_regs.o(.text)
    SetENDPOINT                              0x0800ccfd   Thumb Code    10  usb_regs.o(.text)
    GetENDPOINT                              0x0800cd07   Thumb Code    14  usb_regs.o(.text)
    SetEPType                                0x0800cd15   Thumb Code    26  usb_regs.o(.text)
    GetEPType                                0x0800cd2f   Thumb Code    16  usb_regs.o(.text)
    SetEPTxStatus                            0x0800cd3f   Thumb Code    56  usb_regs.o(.text)
    SetEPRxStatus                            0x0800cd77   Thumb Code    56  usb_regs.o(.text)
    SetDouBleBuffEPStall                     0x0800cdaf   Thumb Code    50  usb_regs.o(.text)
    GetEPTxStatus                            0x0800cde1   Thumb Code    16  usb_regs.o(.text)
    GetEPRxStatus                            0x0800cdf1   Thumb Code    16  usb_regs.o(.text)
    SetEPTxValid                             0x0800ce01   Thumb Code    42  usb_regs.o(.text)
    SetEPRxValid                             0x0800ce2b   Thumb Code    42  usb_regs.o(.text)
    SetEP_KIND                               0x0800ce55   Thumb Code    34  usb_regs.o(.text)
    ClearEP_KIND                             0x0800ce77   Thumb Code    30  usb_regs.o(.text)
    Clear_Status_Out                         0x0800ce95   Thumb Code    30  usb_regs.o(.text)
    Set_Status_Out                           0x0800ceb3   Thumb Code    34  usb_regs.o(.text)
    SetEPDoubleBuff                          0x0800ced5   Thumb Code    34  usb_regs.o(.text)
    ClearEPDoubleBuff                        0x0800cef7   Thumb Code    30  usb_regs.o(.text)
    GetTxStallStatus                         0x0800cf15   Thumb Code    26  usb_regs.o(.text)
    GetRxStallStatus                         0x0800cf2f   Thumb Code    28  usb_regs.o(.text)
    ClearEP_CTR_RX                           0x0800cf4b   Thumb Code    28  usb_regs.o(.text)
    ClearEP_CTR_TX                           0x0800cf67   Thumb Code    24  usb_regs.o(.text)
    ToggleDTOG_RX                            0x0800cf7f   Thumb Code    30  usb_regs.o(.text)
    ToggleDTOG_TX                            0x0800cf9d   Thumb Code    30  usb_regs.o(.text)
    ClearDTOG_RX                             0x0800cfbb   Thumb Code    44  usb_regs.o(.text)
    ClearDTOG_TX                             0x0800cfe7   Thumb Code    44  usb_regs.o(.text)
    SetEPAddress                             0x0800d013   Thumb Code    32  usb_regs.o(.text)
    GetEPAddress                             0x0800d033   Thumb Code    16  usb_regs.o(.text)
    SetEPTxAddr                              0x0800d043   Thumb Code    26  usb_regs.o(.text)
    SetEPRxAddr                              0x0800d05d   Thumb Code    28  usb_regs.o(.text)
    GetEPTxAddr                              0x0800d079   Thumb Code    32  usb_regs.o(.text)
    GetEPRxAddr                              0x0800d099   Thumb Code    24  usb_regs.o(.text)
    SetEPTxCount                             0x0800d0b1   Thumb Code    20  usb_regs.o(.text)
    SetEPCountRxReg                          0x0800d0c5   Thumb Code    48  usb_regs.o(.text)
    SetEPRxCount                             0x0800d0f5   Thumb Code    68  usb_regs.o(.text)
    GetEPTxCount                             0x0800d139   Thumb Code    26  usb_regs.o(.text)
    GetEPRxCount                             0x0800d153   Thumb Code    26  usb_regs.o(.text)
    SetEPDblBuffAddr                         0x0800d16d   Thumb Code    44  usb_regs.o(.text)
    SetEPDblBuf0Addr                         0x0800d199   Thumb Code    24  usb_regs.o(.text)
    SetEPDblBuf1Addr                         0x0800d1b1   Thumb Code    26  usb_regs.o(.text)
    GetEPDblBuf0Addr                         0x0800d1cb   Thumb Code    22  usb_regs.o(.text)
    GetEPDblBuf1Addr                         0x0800d1e1   Thumb Code    24  usb_regs.o(.text)
    SetEPDblBuffCount                        0x0800d1f9   Thumb Code   186  usb_regs.o(.text)
    SetEPDblBuf0Count                        0x0800d2b3   Thumb Code    96  usb_regs.o(.text)
    SetEPDblBuf1Count                        0x0800d313   Thumb Code    96  usb_regs.o(.text)
    GetEPDblBuf0Count                        0x0800d373   Thumb Code    26  usb_regs.o(.text)
    GetEPDblBuf1Count                        0x0800d38d   Thumb Code    26  usb_regs.o(.text)
    GetEPDblBufDir                           0x0800d3a7   Thumb Code    62  usb_regs.o(.text)
    FreeUserBuffer                           0x0800d3e5   Thumb Code    68  usb_regs.o(.text)
    ToWord                                   0x0800d429   Thumb Code     8  usb_regs.o(.text)
    ByteSwap                                 0x0800d431   Thumb Code    12  usb_regs.o(.text)
    USB_SIL_Init                             0x0800d445   Thumb Code    28  usb_sil.o(.text)
    USB_SIL_Write                            0x0800d461   Thumb Code    46  usb_sil.o(.text)
    USB_SIL_Read                             0x0800d48f   Thumb Code    46  usb_sil.o(.text)
    __aeabi_memset                           0x0800d4c5   Thumb Code    14  memseta.o(.text)
    __aeabi_memset4                          0x0800d4c5   Thumb Code     0  memseta.o(.text)
    __aeabi_memset8                          0x0800d4c5   Thumb Code     0  memseta.o(.text)
    __aeabi_memclr                           0x0800d4d3   Thumb Code     4  memseta.o(.text)
    __aeabi_memclr4                          0x0800d4d3   Thumb Code     0  memseta.o(.text)
    __aeabi_memclr8                          0x0800d4d3   Thumb Code     0  memseta.o(.text)
    _memset$wrapper                          0x0800d4d7   Thumb Code    18  memseta.o(.text)
    strlen                                   0x0800d4e9   Thumb Code    16  strlen.o(.text)
    __aeabi_fadd                             0x0800d4f9   Thumb Code   164  fadd.o(.text)
    __aeabi_fsub                             0x0800d59d   Thumb Code     6  fadd.o(.text)
    __aeabi_frsub                            0x0800d5a3   Thumb Code     6  fadd.o(.text)
    __aeabi_fmul                             0x0800d5a9   Thumb Code   108  fmul.o(.text)
    __aeabi_fdiv                             0x0800d615   Thumb Code   128  fdiv.o(.text)
    __aeabi_dadd                             0x0800d695   Thumb Code   322  dadd.o(.text)
    __aeabi_dsub                             0x0800d7d7   Thumb Code     6  dadd.o(.text)
    __aeabi_drsub                            0x0800d7dd   Thumb Code     6  dadd.o(.text)
    __aeabi_dmul                             0x0800d7e3   Thumb Code   228  dmul.o(.text)
    __aeabi_ddiv                             0x0800d8c7   Thumb Code   222  ddiv.o(.text)
    __aeabi_i2f                              0x0800d9a5   Thumb Code    18  fflti.o(.text)
    __aeabi_ui2f                             0x0800d9b7   Thumb Code    10  ffltui.o(.text)
    __aeabi_i2d                              0x0800d9c1   Thumb Code    34  dflti.o(.text)
    __aeabi_ui2d                             0x0800d9e3   Thumb Code    26  dfltui.o(.text)
    __aeabi_f2iz                             0x0800d9fd   Thumb Code    50  ffixi.o(.text)
    __aeabi_f2uiz                            0x0800da2f   Thumb Code    40  ffixui.o(.text)
    __aeabi_d2iz                             0x0800da57   Thumb Code    62  dfixi.o(.text)
    __aeabi_d2uiz                            0x0800da95   Thumb Code    50  dfixui.o(.text)
    __aeabi_f2d                              0x0800dac7   Thumb Code    38  f2d.o(.text)
    __aeabi_cdcmpeq                          0x0800daed   Thumb Code     0  cdcmple.o(.text)
    __aeabi_cdcmple                          0x0800daed   Thumb Code    38  cdcmple.o(.text)
    __aeabi_cdrcmple                         0x0800db15   Thumb Code    38  cdrcmple.o(.text)
    __aeabi_d2f                              0x0800db3d   Thumb Code    56  d2f.o(.text)
    __aeabi_cfcmpeq                          0x0800db75   Thumb Code     0  cfcmple.o(.text)
    __aeabi_cfcmple                          0x0800db75   Thumb Code    20  cfcmple.o(.text)
    __aeabi_cfrcmple                         0x0800db89   Thumb Code    20  cfrcmple.o(.text)
    __aeabi_uidiv                            0x0800db9d   Thumb Code     0  uidiv.o(.text)
    __aeabi_uidivmod                         0x0800db9d   Thumb Code    44  uidiv.o(.text)
    __aeabi_uldivmod                         0x0800dbc9   Thumb Code    98  uldiv.o(.text)
    __aeabi_llsl                             0x0800dc2b   Thumb Code    30  llshl.o(.text)
    _ll_shift_l                              0x0800dc2b   Thumb Code     0  llshl.o(.text)
    __aeabi_llsr                             0x0800dc49   Thumb Code    32  llushr.o(.text)
    _ll_ushift_r                             0x0800dc49   Thumb Code     0  llushr.o(.text)
    __aeabi_lasr                             0x0800dc69   Thumb Code    36  llsshr.o(.text)
    _ll_sshift_r                             0x0800dc69   Thumb Code     0  llsshr.o(.text)
    __I$use$fp                               0x0800dc8d   Thumb Code     0  iusefp.o(.text)
    _float_round                             0x0800dc8d   Thumb Code    18  fepilogue.o(.text)
    _float_epilogue                          0x0800dc9f   Thumb Code    90  fepilogue.o(.text)
    _double_round                            0x0800dcf9   Thumb Code    26  depilogue.o(.text)
    _double_epilogue                         0x0800dd13   Thumb Code   164  depilogue.o(.text)
    __ARM_scalbn                             0x0800ddb7   Thumb Code    46  dscalb.o(.text)
    scalbn                                   0x0800ddb7   Thumb Code     0  dscalb.o(.text)
    _dsqrt                                   0x0800dde5   Thumb Code   162  dsqrt.o(.text)
    __aeabi_d2ulz                            0x0800de87   Thumb Code    48  dfixul.o(.text)
    __scatterload                            0x0800deb9   Thumb Code    28  init.o(.text)
    __scatterload_rt2                        0x0800deb9   Thumb Code     0  init.o(.text)
    __decompress                             0x0800dedd   Thumb Code     0  __dczerorl2.o(.text)
    __decompress1                            0x0800dedd   Thumb Code    92  __dczerorl2.o(.text)
    __0vsprintf                              0x0800df39   Thumb Code    30  printfa.o(i.__0vsprintf)
    __1vsprintf                              0x0800df39   Thumb Code     0  printfa.o(i.__0vsprintf)
    __2vsprintf                              0x0800df39   Thumb Code     0  printfa.o(i.__0vsprintf)
    __c89vsprintf                            0x0800df39   Thumb Code     0  printfa.o(i.__0vsprintf)
    vsprintf                                 0x0800df39   Thumb Code     0  printfa.o(i.__0vsprintf)
    __ARM_fpclassify                         0x0800df5d   Thumb Code    40  fpclassify.o(i.__ARM_fpclassify)
    __kernel_poly                            0x0800df85   Thumb Code   170  poly.o(i.__kernel_poly)
    __mathlib_dbl_underflow                  0x0800e031   Thumb Code    10  dunder.o(i.__mathlib_dbl_underflow)
    __scatterload_copy                       0x0800e041   Thumb Code    14  handlers.o(i.__scatterload_copy)
    __scatterload_null                       0x0800e04f   Thumb Code     2  handlers.o(i.__scatterload_null)
    __scatterload_zeroinit                   0x0800e051   Thumb Code    14  handlers.o(i.__scatterload_zeroinit)
    __set_errno                              0x0800e061   Thumb Code     6  errno.o(i.__set_errno)
    asin                                     0x0800e919   Thumb Code   584  asin.o(i.asin)
    sqrt                                     0x0800eb95   Thumb Code    78  sqrt.o(i.sqrt)
    F6x8                                     0x0800ebe2   Data         552  oled.o(.constdata)
    F14x16_Idx                               0x0800ee0a   Data          31  oled.o(.constdata)
    F14x16                                   0x0800ee29   Data         420  oled.o(.constdata)
    F8X16                                    0x0800efcd   Data        1520  oled.o(.constdata)
    Virtual_Com_Port_DeviceDescriptor        0x0800f5bd   Data          18  usb_desc.o(.constdata)
    Virtual_Com_Port_ConfigDescriptor        0x0800f5cf   Data          67  usb_desc.o(.constdata)
    Virtual_Com_Port_StringLangID            0x0800f612   Data           4  usb_desc.o(.constdata)
    Virtual_Com_Port_StringVendor            0x0800f616   Data          38  usb_desc.o(.constdata)
    Virtual_Com_Port_StringProduct           0x0800f63c   Data          50  usb_desc.o(.constdata)
    Region$$Table$$Base                      0x0800f6c0   Number         0  anon$$obj.o(Region$$Table)
    Region$$Table$$Limit                     0x0800f6e0   Number         0  anon$$obj.o(Region$$Table)
    SystemCoreClock                          0x20000000   Data           4  system_stm32f10x.o(.data)
    AHBPrescTable                            0x20000004   Data          16  system_stm32f10x.o(.data)
    key_sel_down                             0x200002f0   Data           2  main.o(.data)
    off_att                                  0x200002f4   Data           8  main.o(.data)
    SendBuff                                 0x200002fc   Data          20  usart.o(.data)
    uart_test                                0x20000310   Data           4  usart.o(.data)
    dma_can_tx                               0x20000314   Data           1  usart.o(.data)
    Addr_485                                 0x20000315   Data           1  usart.o(.data)
    open_lock1                               0x20000316   Data           1  usart.o(.data)
    off_flow_pos                             0x20000318   Data           8  data_transfer.o(.data)
    flash_save_en_cnt                        0x20000320   Data           2  data_transfer.o(.data)
    checkdata_to_send                        0x2000034b   Data           1  data_transfer.o(.data)
    checksum_to_send                         0x2000034c   Data           1  data_transfer.o(.data)
    acc_3d_calibrate_f                       0x2000034d   Data           1  data_transfer.o(.data)
    acc_3d_step                              0x2000034e   Data           1  data_transfer.o(.data)
    TX_ADDRESS                               0x20000354   Data           5  nrf.o(.data)
    RX_ADDRESS                               0x20000359   Data           5  nrf.o(.data)
    rc_off                                   0x20000360   Data           8  adc.o(.data)
    k_bat                                    0x20000368   Data           4  adc.o(.data)
    rc_init                                  0x2000036c   Data           8  adc.o(.data)
    key_o                                    0x20000378   Data           5  key.o(.data)
    sum_temp_att                             0x20000380   Data           8  mpu9250.o(.data)
    acc_sum_cnt                              0x20000388   Data           2  mpu9250.o(.data)
    acc_sum_cnt_3d                           0x2000038a   Data           2  mpu9250.o(.data)
    acc_smple_cnt_3d                         0x2000038c   Data           2  mpu9250.o(.data)
    gyro_sum_cnt                             0x2000038e   Data           2  mpu9250.o(.data)
    filter_cnt                               0x20000390   Data           1  mpu9250.o(.data)
    filter_cnt_old                           0x20000391   Data           1  mpu9250.o(.data)
    test_ang                                 0x20000394   Data           4  mpu9250.o(.data)
    test_ang_old                             0x20000398   Data           4  mpu9250.o(.data)
    rawAccel                                 0x2000039e   Data           6  mpu9250.o(.data)
    rawGyro                                  0x200003a4   Data           6  mpu9250.o(.data)
    rawMag                                   0x200003aa   Data           6  mpu9250.o(.data)
    rawMPU6050Temperature                    0x200003b0   Data           2  mpu9250.o(.data)
    test_ang_d                               0x200003b4   Data           4  mpu9250.o(.data)
    test_fli_a                               0x200003b8   Data           4  mpu9250.o(.data)
    test_i                                   0x200003bc   Data           4  mpu9250.o(.data)
    ref_q                                    0x200003c0   Data          16  imu.o(.data)
    ref_q_imd_down_fc                        0x200003d0   Data          16  imu.o(.data)
    beta                                     0x200003e0   Data           4  imu.o(.data)
    q0_m                                     0x200003e4   Data           4  imu.o(.data)
    q1_m                                     0x200003e8   Data           4  imu.o(.data)
    q2_m                                     0x200003ec   Data           4  imu.o(.data)
    q3_m                                     0x200003f0   Data           4  imu.o(.data)
    q0                                       0x200003f4   Data           4  imu.o(.data)
    q1                                       0x200003f8   Data           4  imu.o(.data)
    q2                                       0x200003fc   Data           4  imu.o(.data)
    q3                                       0x20000400   Data           4  imu.o(.data)
    q0_fc                                    0x20000404   Data           4  imu.o(.data)
    q1_fc                                    0x20000408   Data           4  imu.o(.data)
    q2_fc                                    0x2000040c   Data           4  imu.o(.data)
    q3_fc                                    0x20000410   Data           4  imu.o(.data)
    init_q                                   0x20000414   Data           1  imu.o(.data)
    beta_start                               0x20000418   Data           4  imu.o(.data)
    beta_end                                 0x2000041c   Data           4  imu.o(.data)
    beta_step                                0x20000420   Data           4  imu.o(.data)
    accConfidenceDecay                       0x20000424   Data           4  imu.o(.data)
    hmlConfidenceDecay                       0x20000428   Data           4  imu.o(.data)
    accConfidence                            0x2000042c   Data           4  imu.o(.data)
    hmlConfidence                            0x20000430   Data           4  imu.o(.data)
    hmlOneMAG                                0x20000434   Data           4  imu.o(.data)
    Kp_use                                   0x20000444   Data           4  imu.o(.data)
    Roll                                     0x20000448   Data           4  imu.o(.data)
    Pitch                                    0x2000044c   Data           4  imu.o(.data)
    Yaw                                      0x20000450   Data           4  imu.o(.data)
    Roll_mid_down                            0x20000454   Data           4  imu.o(.data)
    Pitch_mid_down                           0x20000458   Data           4  imu.o(.data)
    Yaw_mid_down                             0x2000045c   Data           4  imu.o(.data)
    Rol_fc                                   0x20000460   Data           4  imu.o(.data)
    Pit_fc                                   0x20000464   Data           4  imu.o(.data)
    Yaw_fc                                   0x20000468   Data           4  imu.o(.data)
    norm_acc                                 0x2000046c   Data           4  imu.o(.data)
    norm_q                                   0x20000470   Data           4  imu.o(.data)
    norm_acc_lpf                             0x20000474   Data           4  imu.o(.data)
    mag_norm                                 0x20000478   Data           4  imu.o(.data)
    mag_norm_xyz                             0x2000047c   Data           4  imu.o(.data)
    acc_ng_cali                              0x20000480   Data           1  imu.o(.data)
    yaw_mag                                  0x20000484   Data           4  imu.o(.data)
    norm_hml_view                            0x20000488   Data           4  imu.o(.data)
    init_hml_norm                            0x2000048c   Data           1  imu.o(.data)
    init_hml_norm_cnt                        0x2000048e   Data           2  imu.o(.data)
    fast_atan_table                          0x20000490   Data        1028  mymath.o(.data)
    FLASHStatus                              0x20000894   Data           1  flash.o(.data)
    flash                                    0x20000898   Data           4  flash.o(.data)
    send_pid                                 0x200008a0   Data           1  rc_mine.o(.data)
    key_rc                                   0x200008a1   Data           6  rc_mine.o(.data)
    Yaw_sb_rc                                0x200008a8   Data           2  rc_mine.o(.data)
    cnt_rst                                  0x200008aa   Data           1  rc_mine.o(.data)
    delta_pitch                              0x200008ab   Data           1  rc_mine.o(.data)
    delta_roll                               0x200008ac   Data           1  rc_mine.o(.data)
    delta_yew                                0x200008ad   Data           1  rc_mine.o(.data)
    bat_fly                                  0x200008ae   Data           2  rc_mine.o(.data)
    height_mode                              0x200008b0   Data           1  rc_mine.o(.data)
    pos_mode                                 0x200008b1   Data           1  rc_mine.o(.data)
    cnt_timer2_r                             0x200008b4   Data           4  rc_mine.o(.data)
    cnt_led_rx                               0x200008b8   Data           1  rc_mine.o(.data)
    ax                                       0x200008c6   Data           2  rc_mine.o(.data)
    ay                                       0x200008c8   Data           2  rc_mine.o(.data)
    az                                       0x200008ca   Data           2  rc_mine.o(.data)
    gx                                       0x200008cc   Data           2  rc_mine.o(.data)
    gy                                       0x200008ce   Data           2  rc_mine.o(.data)
    gz                                       0x200008d0   Data           2  rc_mine.o(.data)
    hx                                       0x200008d2   Data           2  rc_mine.o(.data)
    hy                                       0x200008d4   Data           2  rc_mine.o(.data)
    hz                                       0x200008d6   Data           2  rc_mine.o(.data)
    YM                                       0x200008d8   Data           2  rc_mine.o(.data)
    PWM1                                     0x200008da   Data           2  rc_mine.o(.data)
    PWM2                                     0x200008dc   Data           2  rc_mine.o(.data)
    PWM3                                     0x200008de   Data           2  rc_mine.o(.data)
    PWM4                                     0x200008e0   Data           2  rc_mine.o(.data)
    fix_pit                                  0x200008e2   Data           2  rc_mine.o(.data)
    fix_rol                                  0x200008e4   Data           2  rc_mine.o(.data)
    high_f                                   0x200008e6   Data           2  rc_mine.o(.data)
    GPS_W                                    0x200008e8   Data           8  rc_mine.o(.data)
    GPS_J                                    0x200008f0   Data           8  rc_mine.o(.data)
    data_rate                                0x200008f8   Data           1  rc_mine.o(.data)
    fly_mode                                 0x200008f9   Data           1  rc_mine.o(.data)
    FIG                                      0x200008fa   Data        1024  oled.o(.data)
    start_music                              0x20000cfc   Data          28  beep.o(.data)
    mems_right_music                         0x20000d18   Data           6  beep.o(.data)
    mems_error_music                         0x20000d1e   Data           8  beep.o(.data)
    rc_reset_music                           0x20000d26   Data           8  beep.o(.data)
    bat_error_music                          0x20000d2e   Data          64  beep.o(.data)
    rc_error_music                           0x20000d6e   Data          16  beep.o(.data)
    start_music_pix                          0x20000d7e   Data          18  beep.o(.data)
    Beat_delay                               0x20000d90   Data          14  beep.o(.data)
    k_beep                                   0x20000da0   Data           4  beep.o(.data)
    tone_init                                0x20000da4   Data           4  beep.o(.data)
    tone_table                               0x20000da8   Data          48  beep.o(.data)
    test_to24                                0x20000dde   Data           1  beep.o(.data)
    test                                     0x20000de0   Data           1  timer.o(.data)
    test_itoa                                0x20000df2   Data           3  timer.o(.data)
    Virtual_Com_Port_StringSerial            0x20000df5   Data          26  usb_desc.o(.data)
    bIntPackSOF                              0x20000e14   Data           1  usb_istr.o(.data)
    esof_counter                             0x20000e18   Data           4  usb_istr.o(.data)
    wCNTR                                    0x20000e1c   Data           4  usb_istr.o(.data)
    pEpInt_IN                                0x20000e20   Data          28  usb_istr.o(.data)
    pEpInt_OUT                               0x20000e3c   Data          28  usb_istr.o(.data)
    wIstr                                    0x20000e58   Data           2  usb_istr.o(.data)
    Request                                  0x20000e5c   Data           1  usb_prop.o(.data)
    linecoding                               0x20000e60   Data           8  usb_prop.o(.data)
    Device_Table                             0x20000e68   Data           2  usb_prop.o(.data)
    Device_Property                          0x20000e6c   Data          48  usb_prop.o(.data)
    User_Standard_Requests                   0x20000e9c   Data          36  usb_prop.o(.data)
    Device_Descriptor                        0x20000ec0   Data           8  usb_prop.o(.data)
    Config_Descriptor                        0x20000ec8   Data           8  usb_prop.o(.data)
    String_Descriptor                        0x20000ed0   Data          32  usb_prop.o(.data)
    bDeviceState                             0x20000ef0   Data           4  usb_pwr.o(.data)
    fSuspendEnabled                          0x20000ef4   Data           1  usb_pwr.o(.data)
    remotewakeupon                           0x20000ef8   Data           4  usb_pwr.o(.data)
    ResumeS                                  0x20000efc   Data           2  usb_pwr.o(.data)
    Data_Mul_MaxPacketSize                   0x20000efe   Data           1  usb_core.o(.data)
    StatusInfo                               0x20000f00   Data           2  usb_core.o(.data)
    EPindex                                  0x20000f04   Data           1  usb_init.o(.data)
    pInformation                             0x20000f08   Data           4  usb_init.o(.data)
    pProperty                                0x20000f0c   Data           4  usb_init.o(.data)
    SaveState                                0x20000f10   Data           2  usb_init.o(.data)
    wInterrupt_Mask                          0x20000f12   Data           2  usb_init.o(.data)
    pUser_Standard_Requests                  0x20000f14   Data           4  usb_init.o(.data)
    SaveRState                               0x20000f18   Data           2  usb_int.o(.data)
    SaveTState                               0x20000f1a   Data           2  usb_int.o(.data)
    dt                                       0x20001220   Data          40  main.o(.bss)
    f                                        0x20001284   Data          21  data_transfer.o(.bss)
    data_to_send                             0x20001299   Data          50  data_transfer.o(.bss)
    test_up                                  0x200012cc   Data          20  data_transfer.o(.bss)
    Cycle_T                                  0x200012e0   Data         120  delay.o(.bss)
    NRF24L01_RXDATA                          0x20001358   Data          32  nrf.o(.bss)
    NRF24L01_TXDATA                          0x20001378   Data          32  nrf.o(.bss)
    SPI_InitStructure                        0x20001398   Data          18  spi.o(.bss)
    adc_value                                0x200013aa   Data         100  adc.o(.bss)
    adc_rc                                   0x2000140e   Data          12  adc.o(.bss)
    sum_temp                                 0x2000141c   Data          28  mpu9250.o(.bss)
    sum_temp_3d                              0x20001438   Data          28  mpu9250.o(.bss)
    orientationMatrix                        0x20001460   Data          18  mpu9250.o(.bss)
    mpu6050_fc                               0x20001474   Data         184  mpu9250.o(.bss)
    FILT_BUF                                 0x2000152c   Data         154  mpu9250.o(.bss)
    mpu6050_tmp                              0x200015c8   Data          28  mpu9250.o(.bss)
    mpu_fil_tmp                              0x200015e4   Data          28  mpu9250.o(.bss)
    reference_v                              0x20001600   Data          12  imu.o(.bss)
    ref                                      0x2000160c   Data          60  imu.o(.bss)
    reference_vr_imd_down                    0x20001648   Data          12  imu.o(.bss)
    reference_vr                             0x20001654   Data          12  imu.o(.bss)
    q_nav                                    0x20001660   Data          16  imu.o(.bss)
    ref_q_imd_down                           0x20001670   Data          16  imu.o(.bss)
    mag_sim_3d                               0x20001680   Data          12  imu.o(.bss)
    acc_3d_hg                                0x2000168c   Data          12  imu.o(.bss)
    acc_ng                                   0x20001698   Data          12  imu.o(.bss)
    acc_ng_offset                            0x200016a4   Data          12  imu.o(.bss)
    reference_vr_imd_down_fc                 0x200016b0   Data          12  imu.o(.bss)
    DEBUG                                    0x200016bc   Data         140  rc_mine.o(.bss)
    CH                                       0x20001748   Data          20  rc_mine.o(.bss)
    HPIDt                                    0x2000175c   Data          18  rc_mine.o(.bss)
    SPIDt                                    0x2000176e   Data          18  rc_mine.o(.bss)
    ypr                                      0x20001780   Data          12  rc_mine.o(.bss)
    rc_rate_cnt                              0x2000178c   Data          40  rc_mine.o(.bss)
    HPID                                     0x200017b4   Data          18  rc_mine.o(.bss)
    SPID                                     0x200017c6   Data          18  rc_mine.o(.bss)
    FIX_PID                                  0x200017d8   Data          18  rc_mine.o(.bss)
    NAV_PID                                  0x200017ea   Data          18  rc_mine.o(.bss)
    pid                                      0x200017fc   Data         280  rc_mine.o(.bss)
    Rc_Get                                   0x20001914   Data          20  rc_mine.o(.bss)
    plane                                    0x20001928   Data         492  rc_mine.o(.bss)
    slam                                     0x20001b14   Data          20  rc_mine.o(.bss)
    imu_nav                                  0x20001b28   Data         108  rc_mine.o(.bss)
    mode                                     0x20001b94   Data          77  rc_mine.o(.bss)
    OLED_GRAM                                0x20001be1   Data        1024  oled.o(.bss)
    flag_ms                                  0x20001fe1   Data         100  timer.o(.bss)
    uu_txfifo                                0x20002046   Data         260  hw_config.o(.bss)
    uu_rxfifo                                0x2000214a   Data         260  hw_config.o(.bss)
    USART_PRINTF_Buffer                      0x2000224e   Data         256  hw_config.o(.bss)
    USB_Rx_Buffer                            0x2000234e   Data          64  usb_endp.o(.bss)
    EP                                       0x20002390   Data          32  usb_pwr.o(.bss)
    Device_Info                              0x200023b0   Data          28  usb_init.o(.bss)
    __initial_sp                             0x200027d0   Data           0  startup_stm32f10x_hd.o(STACK)



==============================================================================

Memory Map of the image

  Image Entry point : 0x08000131

  Load Region LR_IROM1 (Base: 0x08000000, Size: 0x00010600, Max: 0x00080000, ABSOLUTE, COMPRESSED[0x0000ff6c])

    Execution Region ER_IROM1 (Base: 0x08000000, Size: 0x0000f6e0, Max: 0x00080000, ABSOLUTE)

    Base Addr    Size         Type   Attr      Idx    E Section Name        Object

    0x08000000   0x00000130   Data   RO            3    RESET               startup_stm32f10x_hd.o
    0x08000130   0x00000000   Code   RO         1202  * .ARM.Collect$$$$00000000  mc_w.l(entry.o)
    0x08000130   0x00000004   Code   RO         1283    .ARM.Collect$$$$00000001  mc_w.l(entry2.o)
    0x08000134   0x00000004   Code   RO         1286    .ARM.Collect$$$$00000004  mc_w.l(entry5.o)
    0x08000138   0x00000000   Code   RO         1288    .ARM.Collect$$$$00000008  mc_w.l(entry7b.o)
    0x08000138   0x00000008   Code   RO         1289    .ARM.Collect$$$$00000009  mc_w.l(entry8.o)
    0x08000140   0x00000004   Code   RO         1284    .ARM.Collect$$$$00002712  mc_w.l(entry2.o)
    0x08000144   0x00000024   Code   RO            4    .text               startup_stm32f10x_hd.o
    0x08000168   0x000001c8   Code   RO           24    .text               system_stm32f10x.o
    0x08000330   0x000000dc   Code   RO           70    .text               misc.o
    0x0800040c   0x0000043c   Code   RO           86    .text               stm32f10x_adc.o
    0x08000848   0x00000250   Code   RO          191    .text               stm32f10x_dma.o
    0x08000a98   0x0000011c   Code   RO          206    .text               stm32f10x_exti.o
    0x08000bb4   0x000005b4   Code   RO          218    .text               stm32f10x_flash.o
    0x08001168   0x00000358   Code   RO          248    .text               stm32f10x_gpio.o
    0x080014c0   0x0000039c   Code   RO          305    .text               stm32f10x_rcc.o
    0x0800185c   0x0000030c   Code   RO          349    .text               stm32f10x_spi.o
    0x08001b68   0x00000e1a   Code   RO          361    .text               stm32f10x_tim.o
    0x08002982   0x00000002   PAD
    0x08002984   0x00000408   Code   RO          376    .text               stm32f10x_usart.o
    0x08002d8c   0x00000908   Code   RO          403    .text               main.o
    0x08003694   0x0000019c   Code   RO          517    .text               stm32f10x_it.o
    0x08003830   0x000003f0   Code   RO          532    .text               usart.o
    0x08003c20   0x00001d20   Code   RO          569    .text               data_transfer.o
    0x08005940   0x000001b8   Code   RO          590    .text               delay.o
    0x08005af8   0x000002ec   Code   RO          606    .text               nrf.o
    0x08005de4   0x0000036c   Code   RO          628    .text               spi.o
    0x08006150   0x00000414   Code   RO          643    .text               adc.o
    0x08006564   0x000000a4   Code   RO          662    .text               key.o
    0x08006608   0x000009a0   Code   RO          680    .text               mpu9250.o
    0x08006fa8   0x00001438   Code   RO          707    .text               imu.o
    0x080083e0   0x0000055a   Code   RO          773    .text               mymath.o
    0x0800893a   0x00000002   PAD
    0x0800893c   0x00000294   Code   RO          788    .text               flash.o
    0x08008bd0   0x00000ca0   Code   RO          803    .text               rc_mine.o
    0x08009870   0x00000f80   Code   RO          823    .text               oled.o
    0x0800a7f0   0x00000772   Code   RO          843    .text               gui_basic.o
    0x0800af62   0x00000002   PAD
    0x0800af64   0x000003e4   Code   RO          855    .text               beep.o
    0x0800b348   0x000001b4   Code   RO          870    .text               timer.o
    0x0800b4fc   0x00000288   Code   RO          889    .text               hw_config.o
    0x0800b784   0x000000dc   Code   RO         1010    .text               usb_endp.o
    0x0800b860   0x000001c0   Code   RO         1026    .text               usb_istr.o
    0x0800ba20   0x00000240   Code   RO         1044    .text               usb_prop.o
    0x0800bc60   0x000001cc   Code   RO         1067    .text               usb_pwr.o
    0x0800be2c   0x00000af4   Code   RO         1086    .text               usb_core.o
    0x0800c920   0x0000003c   Code   RO         1101    .text               usb_init.o
    0x0800c95c   0x000002f0   Code   RO         1124    .text               usb_int.o
    0x0800cc4c   0x0000005c   Code   RO         1148    .text               usb_mem.o
    0x0800cca8   0x0000079c   Code   RO         1160    .text               usb_regs.o
    0x0800d444   0x00000080   Code   RO         1172    .text               usb_sil.o
    0x0800d4c4   0x00000024   Code   RO         1205    .text               mc_w.l(memseta.o)
    0x0800d4e8   0x00000010   Code   RO         1207    .text               mc_w.l(strlen.o)
    0x0800d4f8   0x000000b0   Code   RO         1237    .text               mf_w.l(fadd.o)
    0x0800d5a8   0x0000006c   Code   RO         1239    .text               mf_w.l(fmul.o)
    0x0800d614   0x00000080   Code   RO         1241    .text               mf_w.l(fdiv.o)
    0x0800d694   0x0000014e   Code   RO         1243    .text               mf_w.l(dadd.o)
    0x0800d7e2   0x000000e4   Code   RO         1245    .text               mf_w.l(dmul.o)
    0x0800d8c6   0x000000de   Code   RO         1247    .text               mf_w.l(ddiv.o)
    0x0800d9a4   0x00000012   Code   RO         1249    .text               mf_w.l(fflti.o)
    0x0800d9b6   0x0000000a   Code   RO         1251    .text               mf_w.l(ffltui.o)
    0x0800d9c0   0x00000022   Code   RO         1253    .text               mf_w.l(dflti.o)
    0x0800d9e2   0x0000001a   Code   RO         1255    .text               mf_w.l(dfltui.o)
    0x0800d9fc   0x00000032   Code   RO         1257    .text               mf_w.l(ffixi.o)
    0x0800da2e   0x00000028   Code   RO         1259    .text               mf_w.l(ffixui.o)
    0x0800da56   0x0000003e   Code   RO         1261    .text               mf_w.l(dfixi.o)
    0x0800da94   0x00000032   Code   RO         1263    .text               mf_w.l(dfixui.o)
    0x0800dac6   0x00000026   Code   RO         1265    .text               mf_w.l(f2d.o)
    0x0800daec   0x00000028   Code   RO         1267    .text               mf_w.l(cdcmple.o)
    0x0800db14   0x00000028   Code   RO         1269    .text               mf_w.l(cdrcmple.o)
    0x0800db3c   0x00000038   Code   RO         1271    .text               mf_w.l(d2f.o)
    0x0800db74   0x00000014   Code   RO         1273    .text               mf_w.l(cfcmple.o)
    0x0800db88   0x00000014   Code   RO         1275    .text               mf_w.l(cfrcmple.o)
    0x0800db9c   0x0000002c   Code   RO         1291    .text               mc_w.l(uidiv.o)
    0x0800dbc8   0x00000062   Code   RO         1293    .text               mc_w.l(uldiv.o)
    0x0800dc2a   0x0000001e   Code   RO         1295    .text               mc_w.l(llshl.o)
    0x0800dc48   0x00000020   Code   RO         1297    .text               mc_w.l(llushr.o)
    0x0800dc68   0x00000024   Code   RO         1299    .text               mc_w.l(llsshr.o)
    0x0800dc8c   0x00000000   Code   RO         1308    .text               mc_w.l(iusefp.o)
    0x0800dc8c   0x0000006c   Code   RO         1309    .text               mf_w.l(fepilogue.o)
    0x0800dcf8   0x000000be   Code   RO         1311    .text               mf_w.l(depilogue.o)
    0x0800ddb6   0x0000002e   Code   RO         1313    .text               mf_w.l(dscalb.o)
    0x0800dde4   0x000000a2   Code   RO         1315    .text               mf_w.l(dsqrt.o)
    0x0800de86   0x00000030   Code   RO         1317    .text               mf_w.l(dfixul.o)
    0x0800deb6   0x00000002   PAD
    0x0800deb8   0x00000024   Code   RO         1319    .text               mc_w.l(init.o)
    0x0800dedc   0x0000005c   Code   RO         1329    .text               mc_w.l(__dczerorl2.o)
    0x0800df38   0x00000024   Code   RO         1216    i.__0vsprintf       mc_w.l(printfa.o)
    0x0800df5c   0x00000028   Code   RO         1279    i.__ARM_fpclassify  m_ws.l(fpclassify.o)
    0x0800df84   0x000000aa   Code   RO         1281    i.__kernel_poly     m_ws.l(poly.o)
    0x0800e02e   0x00000002   PAD
    0x0800e030   0x00000010   Code   RO         1277    i.__mathlib_dbl_underflow  m_ws.l(dunder.o)
    0x0800e040   0x0000000e   Code   RO         1323    i.__scatterload_copy  mc_w.l(handlers.o)
    0x0800e04e   0x00000002   Code   RO         1324    i.__scatterload_null  mc_w.l(handlers.o)
    0x0800e050   0x0000000e   Code   RO         1325    i.__scatterload_zeroinit  mc_w.l(handlers.o)
    0x0800e05e   0x00000002   PAD
    0x0800e060   0x0000000c   Code   RO         1303    i.__set_errno       mc_w.l(errno.o)
    0x0800e06c   0x0000015c   Code   RO         1217    i._fp_digits        mc_w.l(printfa.o)
    0x0800e1c8   0x000006f0   Code   RO         1218    i._printf_core      mc_w.l(printfa.o)
    0x0800e8b8   0x00000026   Code   RO         1219    i._printf_post_padding  mc_w.l(printfa.o)
    0x0800e8de   0x00000030   Code   RO         1220    i._printf_pre_padding  mc_w.l(printfa.o)
    0x0800e90e   0x0000000a   Code   RO         1222    i._sputc            mc_w.l(printfa.o)
    0x0800e918   0x0000027c   Code   RO         1185    i.asin              m_ws.l(asin.o)
    0x0800eb94   0x0000004e   Code   RO         1195    i.sqrt              m_ws.l(sqrt.o)
    0x0800ebe2   0x000009db   Data   RO          825    .constdata          oled.o
    0x0800f5bd   0x000000b1   Data   RO          966    .constdata          usb_desc.o
    0x0800f66e   0x00000002   PAD
    0x0800f670   0x00000050   Data   RO         1186    .constdata          m_ws.l(asin.o)
    0x0800f6c0   0x00000020   Data   RO         1321    Region$$Table       anon$$obj.o


    Execution Region RW_IRAM1 (Base: 0x20000000, Size: 0x000027d0, Max: 0x00010000, ABSOLUTE, COMPRESSED[0x0000088c])

    Base Addr    Size         Type   Attr      Idx    E Section Name        Object

    0x20000000   0x00000014   Data   RW           25    .data               system_stm32f10x.o
    0x20000014   0x00000014   Data   RW          306    .data               stm32f10x_rcc.o
    0x20000028   0x000002d4   Data   RW          406    .data               main.o
    0x200002fc   0x0000001b   Data   RW          534    .data               usart.o
    0x20000317   0x00000001   PAD
    0x20000318   0x00000037   Data   RW          571    .data               data_transfer.o
    0x2000034f   0x00000001   PAD
    0x20000350   0x00000004   Data   RW          592    .data               delay.o
    0x20000354   0x0000000a   Data   RW          608    .data               nrf.o
    0x2000035e   0x00000002   PAD
    0x20000360   0x00000014   Data   RW          645    .data               adc.o
    0x20000374   0x00000009   Data   RW          663    .data               key.o
    0x2000037d   0x00000003   PAD
    0x20000380   0x00000040   Data   RW          682    .data               mpu9250.o
    0x200003c0   0x000000d0   Data   RW          709    .data               imu.o
    0x20000490   0x00000404   Data   RW          774    .data               mymath.o
    0x20000894   0x00000008   Data   RW          789    .data               flash.o
    0x2000089c   0x00000004   PAD
    0x200008a0   0x0000005a   Data   RW          805    .data               rc_mine.o
    0x200008fa   0x00000402   Data   RW          826    .data               oled.o
    0x20000cfc   0x000000e3   Data   RW          856    .data               beep.o
    0x20000ddf   0x00000001   PAD
    0x20000de0   0x00000015   Data   RW          872    .data               timer.o
    0x20000df5   0x0000001a   Data   RW          967    .data               usb_desc.o
    0x20000e0f   0x00000001   PAD
    0x20000e10   0x00000004   Data   RW         1012    .data               usb_endp.o
    0x20000e14   0x00000046   Data   RW         1027    .data               usb_istr.o
    0x20000e5a   0x00000002   PAD
    0x20000e5c   0x00000094   Data   RW         1045    .data               usb_prop.o
    0x20000ef0   0x0000000e   Data   RW         1069    .data               usb_pwr.o
    0x20000efe   0x00000004   Data   RW         1087    .data               usb_core.o
    0x20000f02   0x00000002   PAD
    0x20000f04   0x00000014   Data   RW         1103    .data               usb_init.o
    0x20000f18   0x00000004   Data   RW         1125    .data               usb_int.o
    0x20000f1c   0x00000004   Data   RW         1304    .data               mc_w.l(errno.o)
    0x20000f20   0x00000328   Zero   RW          404    .bss                main.o
    0x20001248   0x00000098   Zero   RW          570    .bss                data_transfer.o
    0x200012e0   0x00000078   Zero   RW          591    .bss                delay.o
    0x20001358   0x00000040   Zero   RW          607    .bss                nrf.o
    0x20001398   0x00000012   Zero   RW          629    .bss                spi.o
    0x200013aa   0x00000070   Zero   RW          644    .bss                adc.o
    0x2000141a   0x00000002   PAD
    0x2000141c   0x000001e4   Zero   RW          681    .bss                mpu9250.o
    0x20001600   0x000000bc   Zero   RW          708    .bss                imu.o
    0x200016bc   0x00000525   Zero   RW          804    .bss                rc_mine.o
    0x20001be1   0x00000400   Zero   RW          824    .bss                oled.o
    0x20001fe1   0x00000064   Zero   RW          871    .bss                timer.o
    0x20002045   0x00000001   PAD
    0x20002046   0x00000308   Zero   RW          890    .bss                hw_config.o
    0x2000234e   0x00000040   Zero   RW         1011    .bss                usb_endp.o
    0x2000238e   0x00000002   PAD
    0x20002390   0x00000020   Zero   RW         1068    .bss                usb_pwr.o
    0x200023b0   0x0000001c   Zero   RW         1102    .bss                usb_init.o
    0x200023cc   0x00000004   PAD
    0x200023d0   0x00000400   Zero   RW            1    STACK               startup_stm32f10x_hd.o


==============================================================================

Image component sizes


      Code (inc. data)   RO Data    RW Data    ZI Data      Debug   Object Name

      1044         54          0         20        112       2629   adc.o
       996         68          0        227          0       3576   beep.o
         0          0          0          0          0       4216   core_cm3.o
      7456        222          0         55        152      11642   data_transfer.o
       440         20          0          4        120       1933   delay.o
       660         12          0          8          0       3240   flash.o
      1906          0          0          0          0       6704   gui_basic.o
       648         42          0          0        776       9284   hw_config.o
      5176        204          0        208        188       7184   imu.o
       164         12          0          9          0       1175   key.o
      2312        320          0        724        808       7496   main.o
       220         20          0          0          0       1761   misc.o
      2464        126          0         64        484       8238   mpu9250.o
      1370         60          0       1028          0       4416   mymath.o
       748         14          0         10         64       3549   nrf.o
      3968         64       2523       1026       1024      14103   oled.o
      3232         94          0         90       1317       9982   rc_mine.o
       876         16          0          0         18       3974   spi.o
        36          8        304          0       1024        824   startup_stm32f10x_hd.o
      1084         26          0          0          0      19809   stm32f10x_adc.o
       592          8          0          0          0      14114   stm32f10x_dma.o
       284         10          0          0          0       2195   stm32f10x_exti.o
      1460         32          0          0          0      14310   stm32f10x_flash.o
       856         40          0          0          0       5601   stm32f10x_gpio.o
       412         32          0          0          0       2193   stm32f10x_it.o
       924         44          0         20          0       8744   stm32f10x_rcc.o
       780         14          0          0          0       6490   stm32f10x_spi.o
      3610         88          0          0          0      42432   stm32f10x_tim.o
      1032         22          0          0          0       8332   stm32f10x_usart.o
       456         36          0         20          0     238763   system_stm32f10x.o
       436         40          0         21        100       1615   timer.o
      1008         30          0         27          0       4984   usart.o
      2804        102          0          4          0       8111   usb_core.o
         0          0        177         26          0      12607   usb_desc.o
       220         18          0          4         64       1584   usb_endp.o
        60         24          0         20         28       4130   usb_init.o
       752         30          0          4          0       1919   usb_int.o
       448         34          0         70          0       1587   usb_istr.o
        92          6          0          0          0       1426   usb_mem.o
       576         40          0        148          0       7291   usb_prop.o
       460         28          0         14         32       2783   usb_pwr.o
      1948         16          0          0          0      11589   usb_regs.o
       128          8          0          0          0       1450   usb_sil.o

    ----------------------------------------------------------------------
     54144       2084       3038       3868       6320     529985   Object Totals
         0          0         32          0          0          0   (incl. Generated)
         6          0          2         17          9          0   (incl. Padding)

    ----------------------------------------------------------------------

      Code (inc. data)   RO Data    RW Data    ZI Data      Debug   Library Member Name

       636         52         80          0          0        168   asin.o
        16          6          0          0          0         68   dunder.o
        40          0          0          0          0         68   fpclassify.o
       170          0          0          0          0         96   poly.o
        78          0          0          0          0         84   sqrt.o
        92          0          0          0          0          0   __dczerorl2.o
         0          0          0          0          0          0   entry.o
         8          4          0          0          0          0   entry2.o
         4          0          0          0          0          0   entry5.o
         0          0          0          0          0          0   entry7b.o
         8          4          0          0          0          0   entry8.o
        12          6          0          4          0         68   errno.o
        30          0          0          0          0          0   handlers.o
        36          8          0          0          0         68   init.o
         0          0          0          0          0          0   iusefp.o
        30          0          0          0          0         68   llshl.o
        36          0          0          0          0         68   llsshr.o
        32          0          0          0          0         68   llushr.o
        36          0          0          0          0        108   memseta.o
      2256         86          0          0          0        508   printfa.o
        16          0          0          0          0         68   strlen.o
        44          0          0          0          0         80   uidiv.o
        98          0          0          0          0         92   uldiv.o
        40          2          0          0          0         68   cdcmple.o
        40          2          0          0          0         68   cdrcmple.o
        20          0          0          0          0         68   cfcmple.o
        20          0          0          0          0         68   cfrcmple.o
        56          0          0          0          0         88   d2f.o
       334          0          0          0          0        144   dadd.o
       222          0          0          0          0        100   ddiv.o
       190          0          0          0          0        176   depilogue.o
        62          0          0          0          0         80   dfixi.o
        50          0          0          0          0         76   dfixui.o
        48          0          0          0          0         68   dfixul.o
        34          0          0          0          0         76   dflti.o
        26          0          0          0          0         76   dfltui.o
       228          0          0          0          0         92   dmul.o
        46          0          0          0          0         80   dscalb.o
       162          0          0          0          0        100   dsqrt.o
        38          0          0          0          0         68   f2d.o
       176          0          0          0          0        140   fadd.o
       128          0          0          0          0         88   fdiv.o
       108          0          0          0          0        168   fepilogue.o
        50          0          0          0          0         68   ffixi.o
        40          0          0          0          0         68   ffixui.o
        18          0          0          0          0         68   fflti.o
        10          0          0          0          0         68   ffltui.o
       108          0          0          0          0         76   fmul.o

    ----------------------------------------------------------------------
      5938        170         80          4          0       3920   Library Totals
         6          0          0          0          0          0   (incl. Padding)

    ----------------------------------------------------------------------

      Code (inc. data)   RO Data    RW Data    ZI Data      Debug   Library Name

       940         58         80          0          0        484   m_ws.l
      2738        108          0          4          0       1196   mc_w.l
      2254          4          0          0          0       2240   mf_w.l

    ----------------------------------------------------------------------
      5938        170         80          4          0       3920   Library Totals

    ----------------------------------------------------------------------

==============================================================================


      Code (inc. data)   RO Data    RW Data    ZI Data      Debug   

     60082       2254       3118       3872       6320     527925   Grand Totals
     60082       2254       3118       2188       6320     527925   ELF Image Totals (compressed)
     60082       2254       3118       2188          0          0   ROM Totals

==============================================================================

    Total RO  Size (Code + RO Data)                63200 (  61.72kB)
    Total RW  Size (RW Data + ZI Data)             10192 (   9.95kB)
    Total ROM Size (Code + RO Data + RW Data)      65388 (  63.86kB)

==============================================================================

